Archive member included to satisfy reference by file (symbol)

c:/intelfpga_lite/18.1/nios2eds/bin/gnu/h-x86_64-mingw32/bin/../lib/gcc/nios2-elf/5.3.0/../../../../../H-x86_64-mingw32/nios2-elf/lib/mno-hw-mul\libsmallc.a(lib_a-printf.o)
                              obj/default/sgtl5000/sgtl5000.o (printf)
c:/intelfpga_lite/18.1/nios2eds/bin/gnu/h-x86_64-mingw32/bin/../lib/gcc/nios2-elf/5.3.0/../../../../../H-x86_64-mingw32/nios2-elf/lib/mno-hw-mul\libsmallc.a(lib_a-puts.o)
                              obj/default/sgtl5000_test.o (puts)
c:/intelfpga_lite/18.1/nios2eds/bin/gnu/h-x86_64-mingw32/bin/../lib/gcc/nios2-elf/5.3.0/../../../../../H-x86_64-mingw32/nios2-elf/lib/mno-hw-mul\libsmallc.a(lib_a-strlen.o)
                              c:/intelfpga_lite/18.1/nios2eds/bin/gnu/h-x86_64-mingw32/bin/../lib/gcc/nios2-elf/5.3.0/../../../../../H-x86_64-mingw32/nios2-elf/lib/mno-hw-mul\libsmallc.a(lib_a-puts.o) (strlen)
c:/intelfpga_lite/18.1/nios2eds/bin/gnu/h-x86_64-mingw32/bin/../lib/gcc/nios2-elf/5.3.0/../../../../../H-x86_64-mingw32/nios2-elf/lib/mno-hw-mul\libsmallc.a(lib_a-vfprintf.o)
                              c:/intelfpga_lite/18.1/nios2eds/bin/gnu/h-x86_64-mingw32/bin/../lib/gcc/nios2-elf/5.3.0/../../../../../H-x86_64-mingw32/nios2-elf/lib/mno-hw-mul\libsmallc.a(lib_a-printf.o) (___vfprintf_internal_r)
c:/intelfpga_lite/18.1/nios2eds/bin/gnu/h-x86_64-mingw32/bin/../lib/gcc/nios2-elf/5.3.0/../../../../../H-x86_64-mingw32/nios2-elf/lib/mno-hw-mul\libsmallc.a(lib_a-fvwrite_small_dev.o)
                              c:/intelfpga_lite/18.1/nios2eds/bin/gnu/h-x86_64-mingw32/bin/../lib/gcc/nios2-elf/5.3.0/../../../../../H-x86_64-mingw32/nios2-elf/lib/mno-hw-mul\libsmallc.a(lib_a-printf.o) (__sfvwrite_small_dev)
c:/intelfpga_lite/18.1/nios2eds/bin/gnu/h-x86_64-mingw32/bin/../lib/gcc/nios2-elf/5.3.0/../../../../../H-x86_64-mingw32/nios2-elf/lib/mno-hw-mul\libsmallc.a(lib_a-impure.o)
                              c:/intelfpga_lite/18.1/nios2eds/bin/gnu/h-x86_64-mingw32/bin/../lib/gcc/nios2-elf/5.3.0/../../../../../H-x86_64-mingw32/nios2-elf/lib/mno-hw-mul\libsmallc.a(lib_a-printf.o) (_impure_ptr)
c:/intelfpga_lite/18.1/nios2eds/bin/gnu/h-x86_64-mingw32/bin/../lib/gcc/nios2-elf/5.3.0/../../../../../H-x86_64-mingw32/nios2-elf/lib/mno-hw-mul\libsmallc.a(lib_a-writer.o)
                              c:/intelfpga_lite/18.1/nios2eds/bin/gnu/h-x86_64-mingw32/bin/../lib/gcc/nios2-elf/5.3.0/../../../../../H-x86_64-mingw32/nios2-elf/lib/mno-hw-mul\libsmallc.a(lib_a-fvwrite_small_dev.o) (_write_r)
c:/intelfpga_lite/18.1/nios2eds/bin/gnu/h-x86_64-mingw32/bin/../lib/gcc/nios2-elf/5.3.0/../../../../../H-x86_64-mingw32/nios2-elf/lib/mno-hw-mul\libsmallc.a(lib_a-int_errno.o)
                              c:/intelfpga_lite/18.1/nios2eds/bin/gnu/h-x86_64-mingw32/bin/../lib/gcc/nios2-elf/5.3.0/../../../../../H-x86_64-mingw32/nios2-elf/lib/mno-hw-mul\libsmallc.a(lib_a-writer.o) (errno)
c:/intelfpga_lite/18.1/nios2eds/bin/gnu/h-x86_64-mingw32/bin/../lib/gcc/nios2-elf/5.3.0/mno-hw-mul\libgcc.a(lib2-divmod.o)
                              c:/intelfpga_lite/18.1/nios2eds/bin/gnu/h-x86_64-mingw32/bin/../lib/gcc/nios2-elf/5.3.0/../../../../../H-x86_64-mingw32/nios2-elf/lib/mno-hw-mul\libsmallc.a(lib_a-vfprintf.o) (__udivsi3)
c:/intelfpga_lite/18.1/nios2eds/bin/gnu/h-x86_64-mingw32/bin/../lib/gcc/nios2-elf/5.3.0/mno-hw-mul\libgcc.a(lib2-mul.o)
                              c:/intelfpga_lite/18.1/nios2eds/bin/gnu/h-x86_64-mingw32/bin/../lib/gcc/nios2-elf/5.3.0/../../../../../H-x86_64-mingw32/nios2-elf/lib/mno-hw-mul\libsmallc.a(lib_a-vfprintf.o) (__mulsi3)
../SGTL5000_I2C_bsp/\libhal_bsp.a(alt_load.o)
                              ../SGTL5000_I2C_bsp//obj/HAL/src/crt0.o (alt_load)
../SGTL5000_I2C_bsp/\libhal_bsp.a(alt_main.o)
                              ../SGTL5000_I2C_bsp//obj/HAL/src/crt0.o (alt_main)
../SGTL5000_I2C_bsp/\libhal_bsp.a(alt_write.o)
                              c:/intelfpga_lite/18.1/nios2eds/bin/gnu/h-x86_64-mingw32/bin/../lib/gcc/nios2-elf/5.3.0/../../../../../H-x86_64-mingw32/nios2-elf/lib/mno-hw-mul\libsmallc.a(lib_a-writer.o) (write)
../SGTL5000_I2C_bsp/\libhal_bsp.a(alt_sys_init.o)
                              ../SGTL5000_I2C_bsp/\libhal_bsp.a(alt_main.o) (alt_irq_init)
../SGTL5000_I2C_bsp/\libhal_bsp.a(altera_avalon_i2c.o)
                              obj/default/sgtl5000_test.o (alt_avalon_i2c_open)
../SGTL5000_I2C_bsp/\libhal_bsp.a(altera_avalon_jtag_uart_write.o)
                              ../SGTL5000_I2C_bsp/\libhal_bsp.a(alt_write.o) (altera_avalon_jtag_uart_write)
../SGTL5000_I2C_bsp/\libhal_bsp.a(alt_busy_sleep.o)
                              ../SGTL5000_I2C_bsp/\libhal_bsp.a(altera_avalon_i2c.o) (alt_busy_sleep)
../SGTL5000_I2C_bsp/\libhal_bsp.a(alt_dcache_flush_all.o)
                              ../SGTL5000_I2C_bsp/\libhal_bsp.a(alt_load.o) (alt_dcache_flush_all)
../SGTL5000_I2C_bsp/\libhal_bsp.a(alt_dev_llist_insert.o)
                              ../SGTL5000_I2C_bsp/\libhal_bsp.a(altera_avalon_i2c.o) (alt_dev_llist_insert)
../SGTL5000_I2C_bsp/\libhal_bsp.a(alt_errno.o)
                              ../SGTL5000_I2C_bsp/\libhal_bsp.a(alt_write.o) (alt_errno)
../SGTL5000_I2C_bsp/\libhal_bsp.a(alt_find_dev.o)
                              ../SGTL5000_I2C_bsp/\libhal_bsp.a(altera_avalon_i2c.o) (alt_find_dev)
../SGTL5000_I2C_bsp/\libhal_bsp.a(alt_icache_flush_all.o)
                              ../SGTL5000_I2C_bsp/\libhal_bsp.a(alt_load.o) (alt_icache_flush_all)
../SGTL5000_I2C_bsp/\libhal_bsp.a(alt_iic.o)
                              ../SGTL5000_I2C_bsp/\libhal_bsp.a(altera_avalon_i2c.o) (alt_ic_isr_register)
../SGTL5000_I2C_bsp/\libhal_bsp.a(alt_iic_isr_register.o)
                              ../SGTL5000_I2C_bsp/\libhal_bsp.a(alt_iic.o) (alt_iic_isr_register)
../SGTL5000_I2C_bsp/\libhal_bsp.a(alt_irq_entry.o)
                              ../SGTL5000_I2C_bsp/\libhal_bsp.a(alt_iic_isr_register.o) (alt_irq_entry)
../SGTL5000_I2C_bsp/\libhal_bsp.a(alt_irq_handler.o)
                              ../SGTL5000_I2C_bsp/\libhal_bsp.a(alt_iic_isr_register.o) (alt_irq_handler)
../SGTL5000_I2C_bsp/\libhal_bsp.a(alt_irq_vars.o)
                              ../SGTL5000_I2C_bsp/\libhal_bsp.a(alt_iic.o) (alt_irq_active)
../SGTL5000_I2C_bsp/\libhal_bsp.a(altera_nios2_gen2_irq.o)
                              ../SGTL5000_I2C_bsp/\libhal_bsp.a(alt_sys_init.o) (altera_nios2_gen2_irq_init)
../SGTL5000_I2C_bsp/\libhal_bsp.a(alt_exception_entry.o)
                              ../SGTL5000_I2C_bsp/\libhal_bsp.a(alt_irq_entry.o) (alt_exception)
../SGTL5000_I2C_bsp/\libhal_bsp.a(alt_instruction_exception_entry.o)
                              ../SGTL5000_I2C_bsp/\libhal_bsp.a(alt_exception_entry.o) (alt_instruction_exception_entry)
c:/intelfpga_lite/18.1/nios2eds/bin/gnu/h-x86_64-mingw32/bin/../lib/gcc/nios2-elf/5.3.0/../../../../../H-x86_64-mingw32/nios2-elf/lib/mno-hw-mul\libsmallc.a(lib_a-memcmp.o)
                              ../SGTL5000_I2C_bsp/\libhal_bsp.a(alt_find_dev.o) (memcmp)

Allocating common symbols
Common symbol       size              file

alt_irq             0x100             ../SGTL5000_I2C_bsp/\libhal_bsp.a(alt_irq_handler.o)
errno               0x4               c:/intelfpga_lite/18.1/nios2eds/bin/gnu/h-x86_64-mingw32/bin/../lib/gcc/nios2-elf/5.3.0/../../../../../H-x86_64-mingw32/nios2-elf/lib/mno-hw-mul\libsmallc.a(lib_a-int_errno.o)

Memory Configuration

Name             Origin             Length             Attributes
reset            0x0000000000004000 0x0000000000000020
onchip_memory2_0 0x0000000000004020 0x0000000000002fe0
*default*        0x0000000000000000 0xffffffffffffffff

Linker script and memory map

LOAD ../SGTL5000_I2C_bsp//obj/HAL/src/crt0.o
LOAD obj/default/sgtl5000/sgtl5000.o
LOAD obj/default/sgtl5000_test.o
LOAD c:/intelfpga_lite/18.1/nios2eds/bin/gnu/h-x86_64-mingw32/bin/../lib/gcc/nios2-elf/5.3.0/../../../../../H-x86_64-mingw32/nios2-elf/lib/mno-hw-mul\libstdc++.a
LOAD c:/intelfpga_lite/18.1/nios2eds/bin/gnu/h-x86_64-mingw32/bin/../lib/gcc/nios2-elf/5.3.0/../../../../../H-x86_64-mingw32/nios2-elf/lib/mno-hw-mul\libm.a
LOAD c:/intelfpga_lite/18.1/nios2eds/bin/gnu/h-x86_64-mingw32/bin/../lib/gcc/nios2-elf/5.3.0/mno-hw-mul\libgcc.a
START GROUP
LOAD c:/intelfpga_lite/18.1/nios2eds/bin/gnu/h-x86_64-mingw32/bin/../lib/gcc/nios2-elf/5.3.0/../../../../../H-x86_64-mingw32/nios2-elf/lib/mno-hw-mul\libsmallc.a
LOAD c:/intelfpga_lite/18.1/nios2eds/bin/gnu/h-x86_64-mingw32/bin/../lib/gcc/nios2-elf/5.3.0/mno-hw-mul\libgcc.a
LOAD ../SGTL5000_I2C_bsp/\libhal_bsp.a
LOAD c:/intelfpga_lite/18.1/nios2eds/bin/gnu/h-x86_64-mingw32/bin/../lib/gcc/nios2-elf/5.3.0/../../../../../H-x86_64-mingw32/nios2-elf/lib/mno-hw-mul\libm.a
END GROUP
LOAD c:/intelfpga_lite/18.1/nios2eds/bin/gnu/h-x86_64-mingw32/bin/../lib/gcc/nios2-elf/5.3.0/mno-hw-mul\libgcc.a
                0x0000000000004000                __alt_mem_onchip_memory2_0 = 0x4000

.entry          0x0000000000004000       0x20
 *(.entry)
 .entry         0x0000000000004000       0x20 ../SGTL5000_I2C_bsp//obj/HAL/src/crt0.o
                0x0000000000004000                __reset
                0x000000000000400c                _exit

.exceptions     0x0000000000004020      0x160
                0x0000000000004020                PROVIDE (__ram_exceptions_start, ABSOLUTE (.))
                0x0000000000004020                . = ALIGN (0x20)
 *(.irq)
 *(.exceptions.entry.label)
 .exceptions.entry.label
                0x0000000000004020        0x0 ../SGTL5000_I2C_bsp/\libhal_bsp.a(alt_irq_entry.o)
                0x0000000000004020                alt_irq_entry
 .exceptions.entry.label
                0x0000000000004020        0x0 ../SGTL5000_I2C_bsp/\libhal_bsp.a(alt_exception_entry.o)
                0x0000000000004020                alt_exception
 *(.exceptions.entry.user)
 *(.exceptions.entry.ecc_fatal)
 *(.exceptions.entry)
 .exceptions.entry
                0x0000000000004020       0x54 ../SGTL5000_I2C_bsp/\libhal_bsp.a(alt_exception_entry.o)
 *(.exceptions.irqtest.user)
 *(.exceptions.irqtest)
 .exceptions.irqtest
                0x0000000000004074       0x10 ../SGTL5000_I2C_bsp/\libhal_bsp.a(alt_irq_entry.o)
 *(.exceptions.irqhandler.user)
 *(.exceptions.irqhandler)
 .exceptions.irqhandler
                0x0000000000004084        0x4 ../SGTL5000_I2C_bsp/\libhal_bsp.a(alt_irq_entry.o)
 *(.exceptions.irqreturn.user)
 *(.exceptions.irqreturn)
 .exceptions.irqreturn
                0x0000000000004088        0x4 ../SGTL5000_I2C_bsp/\libhal_bsp.a(alt_irq_entry.o)
 *(.exceptions.notirq.label)
 .exceptions.notirq.label
                0x000000000000408c        0x0 ../SGTL5000_I2C_bsp/\libhal_bsp.a(alt_irq_entry.o)
 *(.exceptions.notirq.user)
 *(.exceptions.notirq)
 .exceptions.notirq
                0x000000000000408c        0x8 ../SGTL5000_I2C_bsp/\libhal_bsp.a(alt_exception_entry.o)
 *(.exceptions.soft.user)
 *(.exceptions.soft)
 *(.exceptions.unknown.user)
 *(.exceptions.unknown)
 .exceptions.unknown
                0x0000000000004094       0x14 ../SGTL5000_I2C_bsp/\libhal_bsp.a(alt_exception_entry.o)
 *(.exceptions.exit.label)
 .exceptions.exit.label
                0x00000000000040a8        0x0 ../SGTL5000_I2C_bsp/\libhal_bsp.a(alt_irq_entry.o)
 .exceptions.exit.label
                0x00000000000040a8        0x0 ../SGTL5000_I2C_bsp/\libhal_bsp.a(alt_exception_entry.o)
 *(.exceptions.exit.user)
 *(.exceptions.exit)
 .exceptions.exit
                0x00000000000040a8       0x54 ../SGTL5000_I2C_bsp/\libhal_bsp.a(alt_exception_entry.o)
 *(.exceptions)
 .exceptions    0x00000000000040fc       0x60 ../SGTL5000_I2C_bsp/\libhal_bsp.a(alt_irq_handler.o)
                0x00000000000040fc                alt_irq_handler
 .exceptions    0x000000000000415c       0x24 ../SGTL5000_I2C_bsp/\libhal_bsp.a(alt_instruction_exception_entry.o)
                0x000000000000415c                alt_instruction_exception_entry
                0x0000000000004180                PROVIDE (__ram_exceptions_end, ABSOLUTE (.))
                0x0000000000004020                PROVIDE (__flash_exceptions_start, LOADADDR (.exceptions))

.text           0x0000000000004180     0x2404
                [!provide]                        PROVIDE (stext, ABSOLUTE (.))
 *(.interp)
 *(.hash)
 *(.dynsym)
 *(.dynstr)
 *(.gnu.version)
 *(.gnu.version_d)
 *(.gnu.version_r)
 *(.rel.init)
 *(.rela.init)
 *(.rel.text .rel.text.* .rel.gnu.linkonce.t.*)
 *(.rela.text .rela.text.* .rela.gnu.linkonce.t.*)
 *(.rel.fini)
 *(.rela.fini)
 *(.rel.rodata .rel.rodata.* .rel.gnu.linkonce.r.*)
 *(.rela.rodata .rela.rodata.* .rela.gnu.linkonce.r.*)
 *(.rel.data .rel.data.* .rel.gnu.linkonce.d.*)
 *(.rela.data .rela.data.* .rela.gnu.linkonce.d.*)
 *(.rel.tdata .rel.tdata.* .rel.gnu.linkonce.td.*)
 *(.rela.tdata .rela.tdata.* .rela.gnu.linkonce.td.*)
 *(.rel.tbss .rel.tbss.* .rel.gnu.linkonce.tb.*)
 *(.rela.tbss .rela.tbss.* .rela.gnu.linkonce.tb.*)
 *(.rel.ctors)
 *(.rela.ctors)
 *(.rel.dtors)
 *(.rela.dtors)
 *(.rel.got)
 *(.rela.got)
 *(.rel.sdata .rel.sdata.* .rel.gnu.linkonce.s.*)
 *(.rela.sdata .rela.sdata.* .rela.gnu.linkonce.s.*)
 *(.rel.sbss .rel.sbss.* .rel.gnu.linkonce.sb.*)
 *(.rela.sbss .rela.sbss.* .rela.gnu.linkonce.sb.*)
 *(.rel.sdata2 .rel.sdata2.* .rel.gnu.linkonce.s2.*)
 *(.rela.sdata2 .rela.sdata2.* .rela.gnu.linkonce.s2.*)
 *(.rel.sbss2 .rel.sbss2.* .rel.gnu.linkonce.sb2.*)
 *(.rela.sbss2 .rela.sbss2.* .rela.gnu.linkonce.sb2.*)
 *(.rel.bss .rel.bss.* .rel.gnu.linkonce.b.*)
 *(.rela.bss .rela.bss.* .rela.gnu.linkonce.b.*)
 *(.rel.plt)
 *(.rela.plt)
 *(.rel.dyn)
 *(.init)
 *(.plt)
 *(.text .stub .text.* .gnu.linkonce.t.*)
 .text          0x0000000000004180       0x3c ../SGTL5000_I2C_bsp//obj/HAL/src/crt0.o
                0x0000000000004180                _start
 .text          0x00000000000041bc       0xdc obj/default/sgtl5000/sgtl5000.o
                0x00000000000041bc                SGTL5000_Reg_Rd
                0x0000000000004228                SGTL5000_Reg_Wr
 .text          0x0000000000004298        0x0 obj/default/sgtl5000_test.o
 .text.startup  0x0000000000004298      0x2e0 obj/default/sgtl5000_test.o
                0x0000000000004298                main
 .text          0x0000000000004578        0x0 c:/intelfpga_lite/18.1/nios2eds/bin/gnu/h-x86_64-mingw32/bin/../lib/gcc/nios2-elf/5.3.0/../../../../../H-x86_64-mingw32/nios2-elf/lib/mno-hw-mul\libsmallc.a(lib_a-printf.o)
 .text._printf_r
                0x0000000000004578       0x3c c:/intelfpga_lite/18.1/nios2eds/bin/gnu/h-x86_64-mingw32/bin/../lib/gcc/nios2-elf/5.3.0/../../../../../H-x86_64-mingw32/nios2-elf/lib/mno-hw-mul\libsmallc.a(lib_a-printf.o)
                0x0000000000004578                _printf_r
 .text.printf   0x00000000000045b4       0x4c c:/intelfpga_lite/18.1/nios2eds/bin/gnu/h-x86_64-mingw32/bin/../lib/gcc/nios2-elf/5.3.0/../../../../../H-x86_64-mingw32/nios2-elf/lib/mno-hw-mul\libsmallc.a(lib_a-printf.o)
                0x00000000000045b4                printf
 .text          0x0000000000004600        0x0 c:/intelfpga_lite/18.1/nios2eds/bin/gnu/h-x86_64-mingw32/bin/../lib/gcc/nios2-elf/5.3.0/../../../../../H-x86_64-mingw32/nios2-elf/lib/mno-hw-mul\libsmallc.a(lib_a-puts.o)
 .text._puts_r  0x0000000000004600       0x80 c:/intelfpga_lite/18.1/nios2eds/bin/gnu/h-x86_64-mingw32/bin/../lib/gcc/nios2-elf/5.3.0/../../../../../H-x86_64-mingw32/nios2-elf/lib/mno-hw-mul\libsmallc.a(lib_a-puts.o)
                0x0000000000004600                _puts_r
 .text.puts     0x0000000000004680       0x14 c:/intelfpga_lite/18.1/nios2eds/bin/gnu/h-x86_64-mingw32/bin/../lib/gcc/nios2-elf/5.3.0/../../../../../H-x86_64-mingw32/nios2-elf/lib/mno-hw-mul\libsmallc.a(lib_a-puts.o)
                0x0000000000004680                puts
 .text          0x0000000000004694        0x0 c:/intelfpga_lite/18.1/nios2eds/bin/gnu/h-x86_64-mingw32/bin/../lib/gcc/nios2-elf/5.3.0/../../../../../H-x86_64-mingw32/nios2-elf/lib/mno-hw-mul\libsmallc.a(lib_a-strlen.o)
 .text.strlen   0x0000000000004694       0x1c c:/intelfpga_lite/18.1/nios2eds/bin/gnu/h-x86_64-mingw32/bin/../lib/gcc/nios2-elf/5.3.0/../../../../../H-x86_64-mingw32/nios2-elf/lib/mno-hw-mul\libsmallc.a(lib_a-strlen.o)
                0x0000000000004694                strlen
 .text          0x00000000000046b0        0x0 c:/intelfpga_lite/18.1/nios2eds/bin/gnu/h-x86_64-mingw32/bin/../lib/gcc/nios2-elf/5.3.0/../../../../../H-x86_64-mingw32/nios2-elf/lib/mno-hw-mul\libsmallc.a(lib_a-vfprintf.o)
 .text.print_repeat
                0x00000000000046b0       0x6c c:/intelfpga_lite/18.1/nios2eds/bin/gnu/h-x86_64-mingw32/bin/../lib/gcc/nios2-elf/5.3.0/../../../../../H-x86_64-mingw32/nios2-elf/lib/mno-hw-mul\libsmallc.a(lib_a-vfprintf.o)
 .text.___vfprintf_internal_r
                0x000000000000471c      0x52c c:/intelfpga_lite/18.1/nios2eds/bin/gnu/h-x86_64-mingw32/bin/../lib/gcc/nios2-elf/5.3.0/../../../../../H-x86_64-mingw32/nios2-elf/lib/mno-hw-mul\libsmallc.a(lib_a-vfprintf.o)
                0x000000000000471c                ___vfprintf_internal_r
 .text.__vfprintf_internal
                0x0000000000004c48       0x1c c:/intelfpga_lite/18.1/nios2eds/bin/gnu/h-x86_64-mingw32/bin/../lib/gcc/nios2-elf/5.3.0/../../../../../H-x86_64-mingw32/nios2-elf/lib/mno-hw-mul\libsmallc.a(lib_a-vfprintf.o)
                0x0000000000004c48                __vfprintf_internal
 .text          0x0000000000004c64        0x0 c:/intelfpga_lite/18.1/nios2eds/bin/gnu/h-x86_64-mingw32/bin/../lib/gcc/nios2-elf/5.3.0/../../../../../H-x86_64-mingw32/nios2-elf/lib/mno-hw-mul\libsmallc.a(lib_a-fvwrite_small_dev.o)
 .text.__sfvwrite_small_dev
                0x0000000000004c64       0xb8 c:/intelfpga_lite/18.1/nios2eds/bin/gnu/h-x86_64-mingw32/bin/../lib/gcc/nios2-elf/5.3.0/../../../../../H-x86_64-mingw32/nios2-elf/lib/mno-hw-mul\libsmallc.a(lib_a-fvwrite_small_dev.o)
                0x0000000000004c64                __sfvwrite_small_dev
 .text          0x0000000000004d1c        0x0 c:/intelfpga_lite/18.1/nios2eds/bin/gnu/h-x86_64-mingw32/bin/../lib/gcc/nios2-elf/5.3.0/../../../../../H-x86_64-mingw32/nios2-elf/lib/mno-hw-mul\libsmallc.a(lib_a-impure.o)
 .text          0x0000000000004d1c        0x0 c:/intelfpga_lite/18.1/nios2eds/bin/gnu/h-x86_64-mingw32/bin/../lib/gcc/nios2-elf/5.3.0/../../../../../H-x86_64-mingw32/nios2-elf/lib/mno-hw-mul\libsmallc.a(lib_a-writer.o)
 .text._write_r
                0x0000000000004d1c       0x58 c:/intelfpga_lite/18.1/nios2eds/bin/gnu/h-x86_64-mingw32/bin/../lib/gcc/nios2-elf/5.3.0/../../../../../H-x86_64-mingw32/nios2-elf/lib/mno-hw-mul\libsmallc.a(lib_a-writer.o)
                0x0000000000004d1c                _write_r
 .text          0x0000000000004d74        0x0 c:/intelfpga_lite/18.1/nios2eds/bin/gnu/h-x86_64-mingw32/bin/../lib/gcc/nios2-elf/5.3.0/../../../../../H-x86_64-mingw32/nios2-elf/lib/mno-hw-mul\libsmallc.a(lib_a-int_errno.o)
 .text          0x0000000000004d74      0x1b4 c:/intelfpga_lite/18.1/nios2eds/bin/gnu/h-x86_64-mingw32/bin/../lib/gcc/nios2-elf/5.3.0/mno-hw-mul\libgcc.a(lib2-divmod.o)
                0x0000000000004d74                __divsi3
                0x0000000000004df8                __modsi3
                0x0000000000004e6c                __udivsi3
                0x0000000000004ed0                __umodsi3
 .text          0x0000000000004f28       0x28 c:/intelfpga_lite/18.1/nios2eds/bin/gnu/h-x86_64-mingw32/bin/../lib/gcc/nios2-elf/5.3.0/mno-hw-mul\libgcc.a(lib2-mul.o)
                0x0000000000004f28                __mulsi3
 .text          0x0000000000004f50       0xe0 ../SGTL5000_I2C_bsp/\libhal_bsp.a(alt_load.o)
                0x0000000000004f50                alt_load
 .text          0x0000000000005030       0x2c ../SGTL5000_I2C_bsp/\libhal_bsp.a(alt_main.o)
                0x0000000000005030                alt_main
 .text          0x000000000000505c       0x60 ../SGTL5000_I2C_bsp/\libhal_bsp.a(alt_write.o)
                0x000000000000505c                write
 .text          0x00000000000050bc       0x2c ../SGTL5000_I2C_bsp/\libhal_bsp.a(alt_sys_init.o)
                0x00000000000050bc                alt_irq_init
                0x00000000000050dc                alt_sys_init
 .text          0x00000000000050e8     0x1158 ../SGTL5000_I2C_bsp/\libhal_bsp.a(altera_avalon_i2c.o)
                0x00000000000050e8                alt_avalon_i2c_register_optional_irq_handler
                0x0000000000005104                alt_avalon_i2c_register_callback
                0x0000000000005114                alt_avalon_i2c_open
                0x000000000000511c                alt_avalon_i2c_enable
                0x0000000000005164                alt_avalon_i2c_disable
                0x0000000000005180                alt_avalon_i2c_master_config_get
                0x00000000000051c4                alt_avalon_i2c_master_config_set
                0x000000000000521c                alt_avalon_i2c_master_config_speed_get
                0x0000000000005268                alt_avalon_i2c_master_config_speed_set
                0x00000000000052f4                alt_avalon_i2c_is_busy
                0x0000000000005304                alt_avalon_i2c_rx_read_available
                0x000000000000533c                alt_avalon_i2c_rx_read
                0x00000000000053bc                alt_avalon_i2c_master_target_get
                0x00000000000053c8                alt_avalon_i2c_master_target_set
                0x00000000000053d0                alt_avalon_i2c_check_nack
                0x00000000000053ec                alt_avalon_i2c_check_arblost
                0x0000000000005408                alt_avalon_i2c_cmd_write
                0x00000000000054d0                alt_avalon_i2c_send_address
                0x0000000000005548                alt_avalon_i2c_master_transmit
                0x000000000000568c                alt_avalon_i2c_master_receive
                0x0000000000005840                alt_avalon_i2c_int_status_get
                0x0000000000005858                alt_avalon_i2c_int_raw_status_get
                0x0000000000005868                alt_avalon_i2c_int_clear
                0x0000000000005874                alt_avalon_i2c_enabled_ints_get
                0x0000000000005888                alt_avalon_i2c_int_disable
                0x0000000000005934                alt_avalon_i2c_int_enable
                0x0000000000005a34                alt_avalon_i2c_interrupt_transaction_status
                0x0000000000005b20                alt_avalon_i2c_rx_fifo_threshold_get
                0x0000000000005b38                alt_avalon_i2c_rx_fifo_threshold_set
                0x0000000000005b60                alt_avalon_i2c_master_receive_using_interrupts
                0x0000000000005cec                alt_avalon_i2c_master_rx
                0x0000000000005dd4                alt_avalon_i2c_tfr_cmd_fifo_threshold_get
                0x0000000000005dec                alt_avalon_i2c_tfr_cmd_fifo_threshold_set
                0x0000000000005e18                alt_avalon_i2c_init
                0x0000000000005ec8                alt_avalon_i2c_master_transmit_using_interrupts
                0x0000000000006044                alt_avalon_i2c_master_tx
                0x0000000000006108                alt_avalon_i2c_master_tx_rx
 .text          0x0000000000006240       0x34 ../SGTL5000_I2C_bsp/\libhal_bsp.a(altera_avalon_jtag_uart_write.o)
                0x0000000000006240                altera_avalon_jtag_uart_write
 .text          0x0000000000006274       0x88 ../SGTL5000_I2C_bsp/\libhal_bsp.a(alt_busy_sleep.o)
                0x0000000000006274                alt_busy_sleep
 .text          0x00000000000062fc        0x4 ../SGTL5000_I2C_bsp/\libhal_bsp.a(alt_dcache_flush_all.o)
                0x00000000000062fc                alt_dcache_flush_all
 .text          0x0000000000006300       0x6c ../SGTL5000_I2C_bsp/\libhal_bsp.a(alt_dev_llist_insert.o)
                0x0000000000006300                alt_dev_llist_insert
 .text          0x000000000000636c        0x0 ../SGTL5000_I2C_bsp/\libhal_bsp.a(alt_errno.o)
 .text          0x000000000000636c       0x74 ../SGTL5000_I2C_bsp/\libhal_bsp.a(alt_find_dev.o)
                0x000000000000636c                alt_find_dev
 .text          0x00000000000063e0        0x4 ../SGTL5000_I2C_bsp/\libhal_bsp.a(alt_icache_flush_all.o)
                0x00000000000063e0                alt_icache_flush_all
 .text          0x00000000000063e4       0x8c ../SGTL5000_I2C_bsp/\libhal_bsp.a(alt_iic.o)
                0x00000000000063e4                alt_ic_isr_register
                0x00000000000063e8                alt_ic_irq_enable
                0x0000000000006420                alt_ic_irq_disable
                0x0000000000006458                alt_ic_irq_enabled
 .text          0x0000000000006470       0x68 ../SGTL5000_I2C_bsp/\libhal_bsp.a(alt_iic_isr_register.o)
                0x0000000000006470                alt_iic_isr_register
 .text          0x00000000000064d8        0x0 ../SGTL5000_I2C_bsp/\libhal_bsp.a(alt_irq_entry.o)
 .text          0x00000000000064d8        0x0 ../SGTL5000_I2C_bsp/\libhal_bsp.a(alt_irq_handler.o)
 .text          0x00000000000064d8        0x0 ../SGTL5000_I2C_bsp/\libhal_bsp.a(alt_irq_vars.o)
 .text          0x00000000000064d8        0x8 ../SGTL5000_I2C_bsp/\libhal_bsp.a(altera_nios2_gen2_irq.o)
                0x00000000000064d8                altera_nios2_gen2_irq_init
 .text          0x00000000000064e0        0x0 ../SGTL5000_I2C_bsp/\libhal_bsp.a(alt_exception_entry.o)
 .text          0x00000000000064e0       0x74 ../SGTL5000_I2C_bsp/\libhal_bsp.a(alt_instruction_exception_entry.o)
                0x00000000000064e0                alt_exception_cause_generated_bad_addr
 .text          0x0000000000006554        0x0 c:/intelfpga_lite/18.1/nios2eds/bin/gnu/h-x86_64-mingw32/bin/../lib/gcc/nios2-elf/5.3.0/../../../../../H-x86_64-mingw32/nios2-elf/lib/mno-hw-mul\libsmallc.a(lib_a-memcmp.o)
 .text.memcmp   0x0000000000006554       0x30 c:/intelfpga_lite/18.1/nios2eds/bin/gnu/h-x86_64-mingw32/bin/../lib/gcc/nios2-elf/5.3.0/../../../../../H-x86_64-mingw32/nios2-elf/lib/mno-hw-mul\libsmallc.a(lib_a-memcmp.o)
                0x0000000000006554                memcmp
 *(.gnu.warning.*)
 *(.fini)
                [!provide]                        PROVIDE (__etext, ABSOLUTE (.))
                [!provide]                        PROVIDE (_etext, ABSOLUTE (.))
                [!provide]                        PROVIDE (etext, ABSOLUTE (.))
 *(.eh_frame_hdr)
                0x0000000000006584                . = ALIGN (0x4)
                [!provide]                        PROVIDE (__preinit_array_start, ABSOLUTE (.))
 *(.preinit_array)
                [!provide]                        PROVIDE (__preinit_array_end, ABSOLUTE (.))
                [!provide]                        PROVIDE (__init_array_start, ABSOLUTE (.))
 *(.init_array)
                [!provide]                        PROVIDE (__init_array_end, ABSOLUTE (.))
                [!provide]                        PROVIDE (__fini_array_start, ABSOLUTE (.))
 *(.fini_array)
                [!provide]                        PROVIDE (__fini_array_end, ABSOLUTE (.))
 *(.eh_frame)
 *(.gcc_except_table .gcc_except_table.*)
 *(.dynamic)
                [!provide]                        PROVIDE (__CTOR_LIST__, ABSOLUTE (.))
 *(.ctors)
 *(SORT(.ctors.*))
                [!provide]                        PROVIDE (__CTOR_END__, ABSOLUTE (.))
                [!provide]                        PROVIDE (__DTOR_LIST__, ABSOLUTE (.))
 *(.dtors)
 *(SORT(.dtors.*))
                [!provide]                        PROVIDE (__DTOR_END__, ABSOLUTE (.))
 *(.jcr)
                0x0000000000006584                . = ALIGN (0x4)

.rodata         0x0000000000006584      0x1ec
                0x0000000000006584                PROVIDE (__ram_rodata_start, ABSOLUTE (.))
                0x0000000000006584                . = ALIGN (0x4)
 *(.rodata .rodata.* .gnu.linkonce.r.*)
 .rodata.str1.4
                0x0000000000006584       0x20 obj/default/sgtl5000/sgtl5000.o
 .rodata.str1.4
                0x00000000000065a4      0x1c8 obj/default/sgtl5000_test.o
 .rodata.str1.4
                0x000000000000676c        0x4 c:/intelfpga_lite/18.1/nios2eds/bin/gnu/h-x86_64-mingw32/bin/../lib/gcc/nios2-elf/5.3.0/../../../../../H-x86_64-mingw32/nios2-elf/lib/mno-hw-mul\libsmallc.a(lib_a-puts.o)
                                          0x2 (size before relaxing)
 .rodata.str1.4
                0x0000000000006770        0xb ../SGTL5000_I2C_bsp/\libhal_bsp.a(alt_sys_init.o)
 *(.rodata1)
                0x000000000000677c                . = ALIGN (0x4)
                0x000000000000677c                PROVIDE (__ram_rodata_end, ABSOLUTE (.))
                0x0000000000006584                PROVIDE (__flash_rodata_start, LOADADDR (.rodata))

.rwdata         0x0000000000006770      0x130 load address 0x00000000000068a0
                0x0000000000006770                PROVIDE (__ram_rwdata_start, ABSOLUTE (.))
                0x0000000000006770                . = ALIGN (0x4)
 *(.got.plt)
 *(.got)
 *(.data1)
 *(.data .data.* .gnu.linkonce.d.*)
 .data          0x0000000000006770        0x0 ../SGTL5000_I2C_bsp//obj/HAL/src/crt0.o
 .data          0x0000000000006770        0x0 obj/default/sgtl5000/sgtl5000.o
 .data          0x0000000000006770        0x0 obj/default/sgtl5000_test.o
 .data          0x0000000000006770        0x0 c:/intelfpga_lite/18.1/nios2eds/bin/gnu/h-x86_64-mingw32/bin/../lib/gcc/nios2-elf/5.3.0/../../../../../H-x86_64-mingw32/nios2-elf/lib/mno-hw-mul\libsmallc.a(lib_a-printf.o)
 .data          0x0000000000006770        0x0 c:/intelfpga_lite/18.1/nios2eds/bin/gnu/h-x86_64-mingw32/bin/../lib/gcc/nios2-elf/5.3.0/../../../../../H-x86_64-mingw32/nios2-elf/lib/mno-hw-mul\libsmallc.a(lib_a-puts.o)
 .data          0x0000000000006770        0x0 c:/intelfpga_lite/18.1/nios2eds/bin/gnu/h-x86_64-mingw32/bin/../lib/gcc/nios2-elf/5.3.0/../../../../../H-x86_64-mingw32/nios2-elf/lib/mno-hw-mul\libsmallc.a(lib_a-strlen.o)
 .data          0x0000000000006770        0x0 c:/intelfpga_lite/18.1/nios2eds/bin/gnu/h-x86_64-mingw32/bin/../lib/gcc/nios2-elf/5.3.0/../../../../../H-x86_64-mingw32/nios2-elf/lib/mno-hw-mul\libsmallc.a(lib_a-vfprintf.o)
 .data          0x0000000000006770        0x0 c:/intelfpga_lite/18.1/nios2eds/bin/gnu/h-x86_64-mingw32/bin/../lib/gcc/nios2-elf/5.3.0/../../../../../H-x86_64-mingw32/nios2-elf/lib/mno-hw-mul\libsmallc.a(lib_a-fvwrite_small_dev.o)
 .data          0x0000000000006770        0x0 c:/intelfpga_lite/18.1/nios2eds/bin/gnu/h-x86_64-mingw32/bin/../lib/gcc/nios2-elf/5.3.0/../../../../../H-x86_64-mingw32/nios2-elf/lib/mno-hw-mul\libsmallc.a(lib_a-impure.o)
 .data.impure_data
                0x0000000000006770       0xe0 c:/intelfpga_lite/18.1/nios2eds/bin/gnu/h-x86_64-mingw32/bin/../lib/gcc/nios2-elf/5.3.0/../../../../../H-x86_64-mingw32/nios2-elf/lib/mno-hw-mul\libsmallc.a(lib_a-impure.o)
 .data          0x0000000000006850        0x0 c:/intelfpga_lite/18.1/nios2eds/bin/gnu/h-x86_64-mingw32/bin/../lib/gcc/nios2-elf/5.3.0/../../../../../H-x86_64-mingw32/nios2-elf/lib/mno-hw-mul\libsmallc.a(lib_a-writer.o)
 .data          0x0000000000006850        0x0 c:/intelfpga_lite/18.1/nios2eds/bin/gnu/h-x86_64-mingw32/bin/../lib/gcc/nios2-elf/5.3.0/../../../../../H-x86_64-mingw32/nios2-elf/lib/mno-hw-mul\libsmallc.a(lib_a-int_errno.o)
 .data          0x0000000000006850        0x0 c:/intelfpga_lite/18.1/nios2eds/bin/gnu/h-x86_64-mingw32/bin/../lib/gcc/nios2-elf/5.3.0/mno-hw-mul\libgcc.a(lib2-divmod.o)
 .data          0x0000000000006850        0x0 c:/intelfpga_lite/18.1/nios2eds/bin/gnu/h-x86_64-mingw32/bin/../lib/gcc/nios2-elf/5.3.0/mno-hw-mul\libgcc.a(lib2-mul.o)
 .data          0x0000000000006850        0x0 ../SGTL5000_I2C_bsp/\libhal_bsp.a(alt_load.o)
 .data          0x0000000000006850        0x0 ../SGTL5000_I2C_bsp/\libhal_bsp.a(alt_main.o)
 .data          0x0000000000006850        0x0 ../SGTL5000_I2C_bsp/\libhal_bsp.a(alt_write.o)
 .data          0x0000000000006850       0x38 ../SGTL5000_I2C_bsp/\libhal_bsp.a(alt_sys_init.o)
 .data          0x0000000000006888        0x0 ../SGTL5000_I2C_bsp/\libhal_bsp.a(altera_avalon_i2c.o)
 .data          0x0000000000006888        0x0 ../SGTL5000_I2C_bsp/\libhal_bsp.a(altera_avalon_jtag_uart_write.o)
 .data          0x0000000000006888        0x0 ../SGTL5000_I2C_bsp/\libhal_bsp.a(alt_busy_sleep.o)
 .data          0x0000000000006888        0x0 ../SGTL5000_I2C_bsp/\libhal_bsp.a(alt_dcache_flush_all.o)
 .data          0x0000000000006888        0x0 ../SGTL5000_I2C_bsp/\libhal_bsp.a(alt_dev_llist_insert.o)
 .data          0x0000000000006888        0x0 ../SGTL5000_I2C_bsp/\libhal_bsp.a(alt_errno.o)
 .data          0x0000000000006888        0x0 ../SGTL5000_I2C_bsp/\libhal_bsp.a(alt_find_dev.o)
 .data          0x0000000000006888        0x0 ../SGTL5000_I2C_bsp/\libhal_bsp.a(alt_icache_flush_all.o)
 .data          0x0000000000006888        0x0 ../SGTL5000_I2C_bsp/\libhal_bsp.a(alt_iic.o)
 .data          0x0000000000006888        0x0 ../SGTL5000_I2C_bsp/\libhal_bsp.a(alt_iic_isr_register.o)
 .data          0x0000000000006888        0x0 ../SGTL5000_I2C_bsp/\libhal_bsp.a(alt_irq_entry.o)
 .data          0x0000000000006888        0x0 ../SGTL5000_I2C_bsp/\libhal_bsp.a(alt_irq_handler.o)
 .data          0x0000000000006888        0x0 ../SGTL5000_I2C_bsp/\libhal_bsp.a(alt_irq_vars.o)
 .data          0x0000000000006888        0x0 ../SGTL5000_I2C_bsp/\libhal_bsp.a(altera_nios2_gen2_irq.o)
 .data          0x0000000000006888        0x0 ../SGTL5000_I2C_bsp/\libhal_bsp.a(alt_exception_entry.o)
 .data          0x0000000000006888        0x0 ../SGTL5000_I2C_bsp/\libhal_bsp.a(alt_instruction_exception_entry.o)
 .data          0x0000000000006888        0x0 c:/intelfpga_lite/18.1/nios2eds/bin/gnu/h-x86_64-mingw32/bin/../lib/gcc/nios2-elf/5.3.0/../../../../../H-x86_64-mingw32/nios2-elf/lib/mno-hw-mul\libsmallc.a(lib_a-memcmp.o)
                0x000000000000e888                _gp = ABSOLUTE ((. + 0x8000))
                [!provide]                        PROVIDE (gp, _gp)
 *(.rwdata .rwdata.*)
 *(.sdata .sdata.* .gnu.linkonce.s.*)
 .sdata._global_impure_ptr
                0x0000000000006888        0x4 c:/intelfpga_lite/18.1/nios2eds/bin/gnu/h-x86_64-mingw32/bin/../lib/gcc/nios2-elf/5.3.0/../../../../../H-x86_64-mingw32/nios2-elf/lib/mno-hw-mul\libsmallc.a(lib_a-impure.o)
                0x0000000000006888                _global_impure_ptr
 .sdata._impure_ptr
                0x000000000000688c        0x4 c:/intelfpga_lite/18.1/nios2eds/bin/gnu/h-x86_64-mingw32/bin/../lib/gcc/nios2-elf/5.3.0/../../../../../H-x86_64-mingw32/nios2-elf/lib/mno-hw-mul\libsmallc.a(lib_a-impure.o)
                0x000000000000688c                _impure_ptr
 .sdata         0x0000000000006890        0x8 ../SGTL5000_I2C_bsp/\libhal_bsp.a(altera_avalon_i2c.o)
                0x0000000000006890                alt_avalon_i2c_list
 .sdata         0x0000000000006898        0x4 ../SGTL5000_I2C_bsp/\libhal_bsp.a(alt_errno.o)
                0x0000000000006898                alt_errno
 .sdata         0x000000000000689c        0x4 ../SGTL5000_I2C_bsp/\libhal_bsp.a(alt_irq_vars.o)
                0x000000000000689c                alt_priority_mask
 *(.sdata2 .sdata2.* .gnu.linkonce.s2.*)
                0x00000000000068a0                . = ALIGN (0x4)
                0x00000000000068a0                _edata = ABSOLUTE (.)
                [!provide]                        PROVIDE (edata, ABSOLUTE (.))
                0x00000000000068a0                PROVIDE (__ram_rwdata_end, ABSOLUTE (.))
                0x00000000000068a0                PROVIDE (__flash_rwdata_start, LOADADDR (.rwdata))

.bss            0x00000000000069d0      0x11c
                0x00000000000069d0                __bss_start = ABSOLUTE (.)
                [!provide]                        PROVIDE (__sbss_start, ABSOLUTE (.))
                [!provide]                        PROVIDE (___sbss_start, ABSOLUTE (.))
 *(.dynsbss)
 *(.sbss .sbss.* .gnu.linkonce.sb.*)
 .sbss          0x00000000000069d0        0x4 c:/intelfpga_lite/18.1/nios2eds/bin/gnu/h-x86_64-mingw32/bin/../lib/gcc/nios2-elf/5.3.0/../../../../../H-x86_64-mingw32/nios2-elf/lib/mno-hw-mul\libsmallc.a(lib_a-int_errno.o)
                0x00000000000069d0                errno
 .sbss          0x00000000000069d4        0xc ../SGTL5000_I2C_bsp/\libhal_bsp.a(alt_main.o)
                0x00000000000069d4                alt_envp
                0x00000000000069d8                alt_argv
                0x00000000000069dc                alt_argc
 .sbss          0x00000000000069e0        0x4 ../SGTL5000_I2C_bsp/\libhal_bsp.a(alt_sys_init.o)
                0x00000000000069e0                jtag_uart_0
 .sbss          0x00000000000069e4        0x4 ../SGTL5000_I2C_bsp/\libhal_bsp.a(alt_irq_vars.o)
                0x00000000000069e4                alt_irq_active
 .sbss          0x00000000000069e8        0x4 ../SGTL5000_I2C_bsp/\libhal_bsp.a(alt_instruction_exception_entry.o)
                0x00000000000069e8                alt_instruction_exception_handler
 *(.sbss2 .sbss2.* .gnu.linkonce.sb2.*)
 *(.scommon)
                [!provide]                        PROVIDE (__sbss_end, ABSOLUTE (.))
                [!provide]                        PROVIDE (___sbss_end, ABSOLUTE (.))
 *(.dynbss)
 *(.bss .bss.* .gnu.linkonce.b.*)
 .bss           0x00000000000069ec        0x0 ../SGTL5000_I2C_bsp//obj/HAL/src/crt0.o
 .bss           0x00000000000069ec        0x0 obj/default/sgtl5000/sgtl5000.o
 .bss           0x00000000000069ec        0x0 obj/default/sgtl5000_test.o
 .bss           0x00000000000069ec        0x0 c:/intelfpga_lite/18.1/nios2eds/bin/gnu/h-x86_64-mingw32/bin/../lib/gcc/nios2-elf/5.3.0/../../../../../H-x86_64-mingw32/nios2-elf/lib/mno-hw-mul\libsmallc.a(lib_a-printf.o)
 .bss           0x00000000000069ec        0x0 c:/intelfpga_lite/18.1/nios2eds/bin/gnu/h-x86_64-mingw32/bin/../lib/gcc/nios2-elf/5.3.0/../../../../../H-x86_64-mingw32/nios2-elf/lib/mno-hw-mul\libsmallc.a(lib_a-puts.o)
 .bss           0x00000000000069ec        0x0 c:/intelfpga_lite/18.1/nios2eds/bin/gnu/h-x86_64-mingw32/bin/../lib/gcc/nios2-elf/5.3.0/../../../../../H-x86_64-mingw32/nios2-elf/lib/mno-hw-mul\libsmallc.a(lib_a-strlen.o)
 .bss           0x00000000000069ec        0x0 c:/intelfpga_lite/18.1/nios2eds/bin/gnu/h-x86_64-mingw32/bin/../lib/gcc/nios2-elf/5.3.0/../../../../../H-x86_64-mingw32/nios2-elf/lib/mno-hw-mul\libsmallc.a(lib_a-vfprintf.o)
 .bss           0x00000000000069ec        0x0 c:/intelfpga_lite/18.1/nios2eds/bin/gnu/h-x86_64-mingw32/bin/../lib/gcc/nios2-elf/5.3.0/../../../../../H-x86_64-mingw32/nios2-elf/lib/mno-hw-mul\libsmallc.a(lib_a-fvwrite_small_dev.o)
 .bss           0x00000000000069ec        0x0 c:/intelfpga_lite/18.1/nios2eds/bin/gnu/h-x86_64-mingw32/bin/../lib/gcc/nios2-elf/5.3.0/../../../../../H-x86_64-mingw32/nios2-elf/lib/mno-hw-mul\libsmallc.a(lib_a-impure.o)
 .bss           0x00000000000069ec        0x0 c:/intelfpga_lite/18.1/nios2eds/bin/gnu/h-x86_64-mingw32/bin/../lib/gcc/nios2-elf/5.3.0/../../../../../H-x86_64-mingw32/nios2-elf/lib/mno-hw-mul\libsmallc.a(lib_a-writer.o)
 .bss           0x00000000000069ec        0x0 c:/intelfpga_lite/18.1/nios2eds/bin/gnu/h-x86_64-mingw32/bin/../lib/gcc/nios2-elf/5.3.0/../../../../../H-x86_64-mingw32/nios2-elf/lib/mno-hw-mul\libsmallc.a(lib_a-int_errno.o)
 .bss           0x00000000000069ec        0x0 c:/intelfpga_lite/18.1/nios2eds/bin/gnu/h-x86_64-mingw32/bin/../lib/gcc/nios2-elf/5.3.0/mno-hw-mul\libgcc.a(lib2-divmod.o)
 .bss           0x00000000000069ec        0x0 c:/intelfpga_lite/18.1/nios2eds/bin/gnu/h-x86_64-mingw32/bin/../lib/gcc/nios2-elf/5.3.0/mno-hw-mul\libgcc.a(lib2-mul.o)
 .bss           0x00000000000069ec        0x0 ../SGTL5000_I2C_bsp/\libhal_bsp.a(alt_load.o)
 .bss           0x00000000000069ec        0x0 ../SGTL5000_I2C_bsp/\libhal_bsp.a(alt_main.o)
 .bss           0x00000000000069ec        0x0 ../SGTL5000_I2C_bsp/\libhal_bsp.a(alt_write.o)
 .bss           0x00000000000069ec        0x0 ../SGTL5000_I2C_bsp/\libhal_bsp.a(alt_sys_init.o)
 .bss           0x00000000000069ec        0x0 ../SGTL5000_I2C_bsp/\libhal_bsp.a(altera_avalon_i2c.o)
 .bss           0x00000000000069ec        0x0 ../SGTL5000_I2C_bsp/\libhal_bsp.a(altera_avalon_jtag_uart_write.o)
 .bss           0x00000000000069ec        0x0 ../SGTL5000_I2C_bsp/\libhal_bsp.a(alt_busy_sleep.o)
 .bss           0x00000000000069ec        0x0 ../SGTL5000_I2C_bsp/\libhal_bsp.a(alt_dcache_flush_all.o)
 .bss           0x00000000000069ec        0x0 ../SGTL5000_I2C_bsp/\libhal_bsp.a(alt_dev_llist_insert.o)
 .bss           0x00000000000069ec        0x0 ../SGTL5000_I2C_bsp/\libhal_bsp.a(alt_errno.o)
 .bss           0x00000000000069ec        0x0 ../SGTL5000_I2C_bsp/\libhal_bsp.a(alt_find_dev.o)
 .bss           0x00000000000069ec        0x0 ../SGTL5000_I2C_bsp/\libhal_bsp.a(alt_icache_flush_all.o)
 .bss           0x00000000000069ec        0x0 ../SGTL5000_I2C_bsp/\libhal_bsp.a(alt_iic.o)
 .bss           0x00000000000069ec        0x0 ../SGTL5000_I2C_bsp/\libhal_bsp.a(alt_iic_isr_register.o)
 .bss           0x00000000000069ec        0x0 ../SGTL5000_I2C_bsp/\libhal_bsp.a(alt_irq_entry.o)
 .bss           0x00000000000069ec        0x0 ../SGTL5000_I2C_bsp/\libhal_bsp.a(alt_irq_handler.o)
 .bss           0x00000000000069ec        0x0 ../SGTL5000_I2C_bsp/\libhal_bsp.a(alt_irq_vars.o)
 .bss           0x00000000000069ec        0x0 ../SGTL5000_I2C_bsp/\libhal_bsp.a(altera_nios2_gen2_irq.o)
 .bss           0x00000000000069ec        0x0 ../SGTL5000_I2C_bsp/\libhal_bsp.a(alt_exception_entry.o)
 .bss           0x00000000000069ec        0x0 ../SGTL5000_I2C_bsp/\libhal_bsp.a(alt_instruction_exception_entry.o)
 .bss           0x00000000000069ec        0x0 c:/intelfpga_lite/18.1/nios2eds/bin/gnu/h-x86_64-mingw32/bin/../lib/gcc/nios2-elf/5.3.0/../../../../../H-x86_64-mingw32/nios2-elf/lib/mno-hw-mul\libsmallc.a(lib_a-memcmp.o)
 *(COMMON)
 COMMON         0x00000000000069ec      0x100 ../SGTL5000_I2C_bsp/\libhal_bsp.a(alt_irq_handler.o)
                0x00000000000069ec                alt_irq
                0x0000000000006aec                . = ALIGN (0x4)
                0x0000000000006aec                __bss_end = ABSOLUTE (.)

.onchip_memory2_0
                0x0000000000006aec        0x0
                [!provide]                        PROVIDE (_alt_partition_onchip_memory2_0_start, ABSOLUTE (.))
 *(.onchip_memory2_0 .onchip_memory2_0. onchip_memory2_0.*)
                0x0000000000006aec                . = ALIGN (0x4)
                [!provide]                        PROVIDE (_alt_partition_onchip_memory2_0_end, ABSOLUTE (.))
                0x0000000000006aec                _end = ABSOLUTE (.)
                0x0000000000006aec                end = ABSOLUTE (.)
                0x0000000000006aec                __alt_stack_base = ABSOLUTE (.)
                [!provide]                        PROVIDE (_alt_partition_onchip_memory2_0_load_addr, LOADADDR (.onchip_memory2_0))

.stab
 *(.stab)

.stabstr
 *(.stabstr)

.stab.excl
 *(.stab.excl)

.stab.exclstr
 *(.stab.exclstr)

.stab.index
 *(.stab.index)

.stab.indexstr
 *(.stab.indexstr)

.comment        0x0000000000000000       0x23
 *(.comment)
 .comment       0x0000000000000000       0x23 obj/default/sgtl5000/sgtl5000.o
                                         0x24 (size before relaxing)
 .comment       0x0000000000000023       0x24 obj/default/sgtl5000_test.o
 .comment       0x0000000000000023       0x24 c:/intelfpga_lite/18.1/nios2eds/bin/gnu/h-x86_64-mingw32/bin/../lib/gcc/nios2-elf/5.3.0/../../../../../H-x86_64-mingw32/nios2-elf/lib/mno-hw-mul\libsmallc.a(lib_a-printf.o)
 .comment       0x0000000000000023       0x24 c:/intelfpga_lite/18.1/nios2eds/bin/gnu/h-x86_64-mingw32/bin/../lib/gcc/nios2-elf/5.3.0/../../../../../H-x86_64-mingw32/nios2-elf/lib/mno-hw-mul\libsmallc.a(lib_a-puts.o)
 .comment       0x0000000000000023       0x24 c:/intelfpga_lite/18.1/nios2eds/bin/gnu/h-x86_64-mingw32/bin/../lib/gcc/nios2-elf/5.3.0/../../../../../H-x86_64-mingw32/nios2-elf/lib/mno-hw-mul\libsmallc.a(lib_a-strlen.o)
 .comment       0x0000000000000023       0x24 c:/intelfpga_lite/18.1/nios2eds/bin/gnu/h-x86_64-mingw32/bin/../lib/gcc/nios2-elf/5.3.0/../../../../../H-x86_64-mingw32/nios2-elf/lib/mno-hw-mul\libsmallc.a(lib_a-vfprintf.o)
 .comment       0x0000000000000023       0x24 c:/intelfpga_lite/18.1/nios2eds/bin/gnu/h-x86_64-mingw32/bin/../lib/gcc/nios2-elf/5.3.0/../../../../../H-x86_64-mingw32/nios2-elf/lib/mno-hw-mul\libsmallc.a(lib_a-fvwrite_small_dev.o)
 .comment       0x0000000000000023       0x24 c:/intelfpga_lite/18.1/nios2eds/bin/gnu/h-x86_64-mingw32/bin/../lib/gcc/nios2-elf/5.3.0/../../../../../H-x86_64-mingw32/nios2-elf/lib/mno-hw-mul\libsmallc.a(lib_a-impure.o)
 .comment       0x0000000000000023       0x24 c:/intelfpga_lite/18.1/nios2eds/bin/gnu/h-x86_64-mingw32/bin/../lib/gcc/nios2-elf/5.3.0/../../../../../H-x86_64-mingw32/nios2-elf/lib/mno-hw-mul\libsmallc.a(lib_a-writer.o)
 .comment       0x0000000000000023       0x24 c:/intelfpga_lite/18.1/nios2eds/bin/gnu/h-x86_64-mingw32/bin/../lib/gcc/nios2-elf/5.3.0/../../../../../H-x86_64-mingw32/nios2-elf/lib/mno-hw-mul\libsmallc.a(lib_a-int_errno.o)
 .comment       0x0000000000000023       0x24 c:/intelfpga_lite/18.1/nios2eds/bin/gnu/h-x86_64-mingw32/bin/../lib/gcc/nios2-elf/5.3.0/mno-hw-mul\libgcc.a(lib2-divmod.o)
 .comment       0x0000000000000023       0x24 c:/intelfpga_lite/18.1/nios2eds/bin/gnu/h-x86_64-mingw32/bin/../lib/gcc/nios2-elf/5.3.0/mno-hw-mul\libgcc.a(lib2-mul.o)
 .comment       0x0000000000000023       0x24 ../SGTL5000_I2C_bsp/\libhal_bsp.a(alt_load.o)
 .comment       0x0000000000000023       0x24 ../SGTL5000_I2C_bsp/\libhal_bsp.a(alt_main.o)
 .comment       0x0000000000000023       0x24 ../SGTL5000_I2C_bsp/\libhal_bsp.a(alt_write.o)
 .comment       0x0000000000000023       0x24 ../SGTL5000_I2C_bsp/\libhal_bsp.a(alt_sys_init.o)
 .comment       0x0000000000000023       0x24 ../SGTL5000_I2C_bsp/\libhal_bsp.a(altera_avalon_i2c.o)
 .comment       0x0000000000000023       0x24 ../SGTL5000_I2C_bsp/\libhal_bsp.a(altera_avalon_jtag_uart_write.o)
 .comment       0x0000000000000023       0x24 ../SGTL5000_I2C_bsp/\libhal_bsp.a(alt_busy_sleep.o)
 .comment       0x0000000000000023       0x24 ../SGTL5000_I2C_bsp/\libhal_bsp.a(alt_dcache_flush_all.o)
 .comment       0x0000000000000023       0x24 ../SGTL5000_I2C_bsp/\libhal_bsp.a(alt_dev_llist_insert.o)
 .comment       0x0000000000000023       0x24 ../SGTL5000_I2C_bsp/\libhal_bsp.a(alt_errno.o)
 .comment       0x0000000000000023       0x24 ../SGTL5000_I2C_bsp/\libhal_bsp.a(alt_find_dev.o)
 .comment       0x0000000000000023       0x24 ../SGTL5000_I2C_bsp/\libhal_bsp.a(alt_icache_flush_all.o)
 .comment       0x0000000000000023       0x24 ../SGTL5000_I2C_bsp/\libhal_bsp.a(alt_iic.o)
 .comment       0x0000000000000023       0x24 ../SGTL5000_I2C_bsp/\libhal_bsp.a(alt_iic_isr_register.o)
 .comment       0x0000000000000023       0x24 ../SGTL5000_I2C_bsp/\libhal_bsp.a(alt_irq_handler.o)
 .comment       0x0000000000000023       0x24 ../SGTL5000_I2C_bsp/\libhal_bsp.a(alt_irq_vars.o)
 .comment       0x0000000000000023       0x24 ../SGTL5000_I2C_bsp/\libhal_bsp.a(altera_nios2_gen2_irq.o)
 .comment       0x0000000000000023       0x24 ../SGTL5000_I2C_bsp/\libhal_bsp.a(alt_instruction_exception_entry.o)
 .comment       0x0000000000000023       0x24 c:/intelfpga_lite/18.1/nios2eds/bin/gnu/h-x86_64-mingw32/bin/../lib/gcc/nios2-elf/5.3.0/../../../../../H-x86_64-mingw32/nios2-elf/lib/mno-hw-mul\libsmallc.a(lib_a-memcmp.o)

.debug
 *(.debug)

.line
 *(.line)

.debug_srcinfo
 *(.debug_srcinfo)

.debug_sfnames
 *(.debug_sfnames)

.debug_aranges  0x0000000000000000      0x478
 *(.debug_aranges)
 .debug_aranges
                0x0000000000000000       0x28 ../SGTL5000_I2C_bsp//obj/HAL/src/crt0.o
 .debug_aranges
                0x0000000000000028       0x20 obj/default/sgtl5000/sgtl5000.o
 .debug_aranges
                0x0000000000000048       0x20 obj/default/sgtl5000_test.o
 .debug_aranges
                0x0000000000000068       0x28 c:/intelfpga_lite/18.1/nios2eds/bin/gnu/h-x86_64-mingw32/bin/../lib/gcc/nios2-elf/5.3.0/../../../../../H-x86_64-mingw32/nios2-elf/lib/mno-hw-mul\libsmallc.a(lib_a-printf.o)
 .debug_aranges
                0x0000000000000090       0x28 c:/intelfpga_lite/18.1/nios2eds/bin/gnu/h-x86_64-mingw32/bin/../lib/gcc/nios2-elf/5.3.0/../../../../../H-x86_64-mingw32/nios2-elf/lib/mno-hw-mul\libsmallc.a(lib_a-puts.o)
 .debug_aranges
                0x00000000000000b8       0x20 c:/intelfpga_lite/18.1/nios2eds/bin/gnu/h-x86_64-mingw32/bin/../lib/gcc/nios2-elf/5.3.0/../../../../../H-x86_64-mingw32/nios2-elf/lib/mno-hw-mul\libsmallc.a(lib_a-strlen.o)
 .debug_aranges
                0x00000000000000d8       0x30 c:/intelfpga_lite/18.1/nios2eds/bin/gnu/h-x86_64-mingw32/bin/../lib/gcc/nios2-elf/5.3.0/../../../../../H-x86_64-mingw32/nios2-elf/lib/mno-hw-mul\libsmallc.a(lib_a-vfprintf.o)
 .debug_aranges
                0x0000000000000108       0x20 c:/intelfpga_lite/18.1/nios2eds/bin/gnu/h-x86_64-mingw32/bin/../lib/gcc/nios2-elf/5.3.0/../../../../../H-x86_64-mingw32/nios2-elf/lib/mno-hw-mul\libsmallc.a(lib_a-fvwrite_small_dev.o)
 .debug_aranges
                0x0000000000000128       0x18 c:/intelfpga_lite/18.1/nios2eds/bin/gnu/h-x86_64-mingw32/bin/../lib/gcc/nios2-elf/5.3.0/../../../../../H-x86_64-mingw32/nios2-elf/lib/mno-hw-mul\libsmallc.a(lib_a-impure.o)
 .debug_aranges
                0x0000000000000140       0x20 c:/intelfpga_lite/18.1/nios2eds/bin/gnu/h-x86_64-mingw32/bin/../lib/gcc/nios2-elf/5.3.0/../../../../../H-x86_64-mingw32/nios2-elf/lib/mno-hw-mul\libsmallc.a(lib_a-writer.o)
 .debug_aranges
                0x0000000000000160       0x18 c:/intelfpga_lite/18.1/nios2eds/bin/gnu/h-x86_64-mingw32/bin/../lib/gcc/nios2-elf/5.3.0/../../../../../H-x86_64-mingw32/nios2-elf/lib/mno-hw-mul\libsmallc.a(lib_a-int_errno.o)
 .debug_aranges
                0x0000000000000178       0x20 c:/intelfpga_lite/18.1/nios2eds/bin/gnu/h-x86_64-mingw32/bin/../lib/gcc/nios2-elf/5.3.0/mno-hw-mul\libgcc.a(lib2-divmod.o)
 .debug_aranges
                0x0000000000000198       0x20 c:/intelfpga_lite/18.1/nios2eds/bin/gnu/h-x86_64-mingw32/bin/../lib/gcc/nios2-elf/5.3.0/mno-hw-mul\libgcc.a(lib2-mul.o)
 .debug_aranges
                0x00000000000001b8       0x20 ../SGTL5000_I2C_bsp/\libhal_bsp.a(alt_load.o)
 .debug_aranges
                0x00000000000001d8       0x20 ../SGTL5000_I2C_bsp/\libhal_bsp.a(alt_main.o)
 .debug_aranges
                0x00000000000001f8       0x20 ../SGTL5000_I2C_bsp/\libhal_bsp.a(alt_write.o)
 .debug_aranges
                0x0000000000000218       0x20 ../SGTL5000_I2C_bsp/\libhal_bsp.a(alt_sys_init.o)
 .debug_aranges
                0x0000000000000238       0x20 ../SGTL5000_I2C_bsp/\libhal_bsp.a(altera_avalon_i2c.o)
 .debug_aranges
                0x0000000000000258       0x20 ../SGTL5000_I2C_bsp/\libhal_bsp.a(altera_avalon_jtag_uart_write.o)
 .debug_aranges
                0x0000000000000278       0x20 ../SGTL5000_I2C_bsp/\libhal_bsp.a(alt_busy_sleep.o)
 .debug_aranges
                0x0000000000000298       0x20 ../SGTL5000_I2C_bsp/\libhal_bsp.a(alt_dcache_flush_all.o)
 .debug_aranges
                0x00000000000002b8       0x20 ../SGTL5000_I2C_bsp/\libhal_bsp.a(alt_dev_llist_insert.o)
 .debug_aranges
                0x00000000000002d8       0x18 ../SGTL5000_I2C_bsp/\libhal_bsp.a(alt_errno.o)
 .debug_aranges
                0x00000000000002f0       0x20 ../SGTL5000_I2C_bsp/\libhal_bsp.a(alt_find_dev.o)
 .debug_aranges
                0x0000000000000310       0x20 ../SGTL5000_I2C_bsp/\libhal_bsp.a(alt_icache_flush_all.o)
 .debug_aranges
                0x0000000000000330       0x20 ../SGTL5000_I2C_bsp/\libhal_bsp.a(alt_iic.o)
 .debug_aranges
                0x0000000000000350       0x20 ../SGTL5000_I2C_bsp/\libhal_bsp.a(alt_iic_isr_register.o)
 .debug_aranges
                0x0000000000000370       0x30 ../SGTL5000_I2C_bsp/\libhal_bsp.a(alt_irq_entry.o)
 .debug_aranges
                0x00000000000003a0       0x20 ../SGTL5000_I2C_bsp/\libhal_bsp.a(alt_irq_handler.o)
 .debug_aranges
                0x00000000000003c0       0x18 ../SGTL5000_I2C_bsp/\libhal_bsp.a(alt_irq_vars.o)
 .debug_aranges
                0x00000000000003d8       0x20 ../SGTL5000_I2C_bsp/\libhal_bsp.a(altera_nios2_gen2_irq.o)
 .debug_aranges
                0x00000000000003f8       0x38 ../SGTL5000_I2C_bsp/\libhal_bsp.a(alt_exception_entry.o)
 .debug_aranges
                0x0000000000000430       0x28 ../SGTL5000_I2C_bsp/\libhal_bsp.a(alt_instruction_exception_entry.o)
 .debug_aranges
                0x0000000000000458       0x20 c:/intelfpga_lite/18.1/nios2eds/bin/gnu/h-x86_64-mingw32/bin/../lib/gcc/nios2-elf/5.3.0/../../../../../H-x86_64-mingw32/nios2-elf/lib/mno-hw-mul\libsmallc.a(lib_a-memcmp.o)

.debug_pubnames
 *(.debug_pubnames)

.debug_info     0x0000000000000000     0x73a1
 *(.debug_info .gnu.linkonce.wi.*)
 .debug_info    0x0000000000000000       0x8a ../SGTL5000_I2C_bsp//obj/HAL/src/crt0.o
 .debug_info    0x000000000000008a      0x3d3 obj/default/sgtl5000/sgtl5000.o
 .debug_info    0x000000000000045d      0x6dd obj/default/sgtl5000_test.o
 .debug_info    0x0000000000000b3a      0x699 c:/intelfpga_lite/18.1/nios2eds/bin/gnu/h-x86_64-mingw32/bin/../lib/gcc/nios2-elf/5.3.0/../../../../../H-x86_64-mingw32/nios2-elf/lib/mno-hw-mul\libsmallc.a(lib_a-printf.o)
 .debug_info    0x00000000000011d3      0x66d c:/intelfpga_lite/18.1/nios2eds/bin/gnu/h-x86_64-mingw32/bin/../lib/gcc/nios2-elf/5.3.0/../../../../../H-x86_64-mingw32/nios2-elf/lib/mno-hw-mul\libsmallc.a(lib_a-puts.o)
 .debug_info    0x0000000000001840       0xc9 c:/intelfpga_lite/18.1/nios2eds/bin/gnu/h-x86_64-mingw32/bin/../lib/gcc/nios2-elf/5.3.0/../../../../../H-x86_64-mingw32/nios2-elf/lib/mno-hw-mul\libsmallc.a(lib_a-strlen.o)
 .debug_info    0x0000000000001909      0xb2b c:/intelfpga_lite/18.1/nios2eds/bin/gnu/h-x86_64-mingw32/bin/../lib/gcc/nios2-elf/5.3.0/../../../../../H-x86_64-mingw32/nios2-elf/lib/mno-hw-mul\libsmallc.a(lib_a-vfprintf.o)
 .debug_info    0x0000000000002434      0x62b c:/intelfpga_lite/18.1/nios2eds/bin/gnu/h-x86_64-mingw32/bin/../lib/gcc/nios2-elf/5.3.0/../../../../../H-x86_64-mingw32/nios2-elf/lib/mno-hw-mul\libsmallc.a(lib_a-fvwrite_small_dev.o)
 .debug_info    0x0000000000002a5f      0x5a9 c:/intelfpga_lite/18.1/nios2eds/bin/gnu/h-x86_64-mingw32/bin/../lib/gcc/nios2-elf/5.3.0/../../../../../H-x86_64-mingw32/nios2-elf/lib/mno-hw-mul\libsmallc.a(lib_a-impure.o)
 .debug_info    0x0000000000003008      0x630 c:/intelfpga_lite/18.1/nios2eds/bin/gnu/h-x86_64-mingw32/bin/../lib/gcc/nios2-elf/5.3.0/../../../../../H-x86_64-mingw32/nios2-elf/lib/mno-hw-mul\libsmallc.a(lib_a-writer.o)
 .debug_info    0x0000000000003638       0x8a c:/intelfpga_lite/18.1/nios2eds/bin/gnu/h-x86_64-mingw32/bin/../lib/gcc/nios2-elf/5.3.0/../../../../../H-x86_64-mingw32/nios2-elf/lib/mno-hw-mul\libsmallc.a(lib_a-int_errno.o)
 .debug_info    0x00000000000036c2      0x2c6 c:/intelfpga_lite/18.1/nios2eds/bin/gnu/h-x86_64-mingw32/bin/../lib/gcc/nios2-elf/5.3.0/mno-hw-mul\libgcc.a(lib2-divmod.o)
 .debug_info    0x0000000000003988       0xb4 c:/intelfpga_lite/18.1/nios2eds/bin/gnu/h-x86_64-mingw32/bin/../lib/gcc/nios2-elf/5.3.0/mno-hw-mul\libgcc.a(lib2-mul.o)
 .debug_info    0x0000000000003a3c      0x1c9 ../SGTL5000_I2C_bsp/\libhal_bsp.a(alt_load.o)
 .debug_info    0x0000000000003c05      0x169 ../SGTL5000_I2C_bsp/\libhal_bsp.a(alt_main.o)
 .debug_info    0x0000000000003d6e      0x1c7 ../SGTL5000_I2C_bsp/\libhal_bsp.a(alt_write.o)
 .debug_info    0x0000000000003f35      0x2c4 ../SGTL5000_I2C_bsp/\libhal_bsp.a(alt_sys_init.o)
 .debug_info    0x00000000000041f9     0x1c18 ../SGTL5000_I2C_bsp/\libhal_bsp.a(altera_avalon_i2c.o)
 .debug_info    0x0000000000005e11      0x197 ../SGTL5000_I2C_bsp/\libhal_bsp.a(altera_avalon_jtag_uart_write.o)
 .debug_info    0x0000000000005fa8       0xd8 ../SGTL5000_I2C_bsp/\libhal_bsp.a(alt_busy_sleep.o)
 .debug_info    0x0000000000006080       0x92 ../SGTL5000_I2C_bsp/\libhal_bsp.a(alt_dcache_flush_all.o)
 .debug_info    0x0000000000006112      0x1b3 ../SGTL5000_I2C_bsp/\libhal_bsp.a(alt_dev_llist_insert.o)
 .debug_info    0x00000000000062c5       0xa6 ../SGTL5000_I2C_bsp/\libhal_bsp.a(alt_errno.o)
 .debug_info    0x000000000000636b      0x32d ../SGTL5000_I2C_bsp/\libhal_bsp.a(alt_find_dev.o)
 .debug_info    0x0000000000006698       0x92 ../SGTL5000_I2C_bsp/\libhal_bsp.a(alt_icache_flush_all.o)
 .debug_info    0x000000000000672a      0x38a ../SGTL5000_I2C_bsp/\libhal_bsp.a(alt_iic.o)
 .debug_info    0x0000000000006ab4      0x232 ../SGTL5000_I2C_bsp/\libhal_bsp.a(alt_iic_isr_register.o)
 .debug_info    0x0000000000006ce6       0x93 ../SGTL5000_I2C_bsp/\libhal_bsp.a(alt_irq_entry.o)
 .debug_info    0x0000000000006d79      0x184 ../SGTL5000_I2C_bsp/\libhal_bsp.a(alt_irq_handler.o)
 .debug_info    0x0000000000006efd       0x88 ../SGTL5000_I2C_bsp/\libhal_bsp.a(alt_irq_vars.o)
 .debug_info    0x0000000000006f85       0x92 ../SGTL5000_I2C_bsp/\libhal_bsp.a(altera_nios2_gen2_irq.o)
 .debug_info    0x0000000000007017       0x99 ../SGTL5000_I2C_bsp/\libhal_bsp.a(alt_exception_entry.o)
 .debug_info    0x00000000000070b0      0x1fd ../SGTL5000_I2C_bsp/\libhal_bsp.a(alt_instruction_exception_entry.o)
 .debug_info    0x00000000000072ad       0xf4 c:/intelfpga_lite/18.1/nios2eds/bin/gnu/h-x86_64-mingw32/bin/../lib/gcc/nios2-elf/5.3.0/../../../../../H-x86_64-mingw32/nios2-elf/lib/mno-hw-mul\libsmallc.a(lib_a-memcmp.o)

.debug_abbrev   0x0000000000000000     0x23a6
 *(.debug_abbrev)
 .debug_abbrev  0x0000000000000000       0x12 ../SGTL5000_I2C_bsp//obj/HAL/src/crt0.o
 .debug_abbrev  0x0000000000000012      0x16f obj/default/sgtl5000/sgtl5000.o
 .debug_abbrev  0x0000000000000181      0x138 obj/default/sgtl5000_test.o
 .debug_abbrev  0x00000000000002b9      0x1ee c:/intelfpga_lite/18.1/nios2eds/bin/gnu/h-x86_64-mingw32/bin/../lib/gcc/nios2-elf/5.3.0/../../../../../H-x86_64-mingw32/nios2-elf/lib/mno-hw-mul\libsmallc.a(lib_a-printf.o)
 .debug_abbrev  0x00000000000004a7      0x1d6 c:/intelfpga_lite/18.1/nios2eds/bin/gnu/h-x86_64-mingw32/bin/../lib/gcc/nios2-elf/5.3.0/../../../../../H-x86_64-mingw32/nios2-elf/lib/mno-hw-mul\libsmallc.a(lib_a-puts.o)
 .debug_abbrev  0x000000000000067d       0x7f c:/intelfpga_lite/18.1/nios2eds/bin/gnu/h-x86_64-mingw32/bin/../lib/gcc/nios2-elf/5.3.0/../../../../../H-x86_64-mingw32/nios2-elf/lib/mno-hw-mul\libsmallc.a(lib_a-strlen.o)
 .debug_abbrev  0x00000000000006fc      0x2a1 c:/intelfpga_lite/18.1/nios2eds/bin/gnu/h-x86_64-mingw32/bin/../lib/gcc/nios2-elf/5.3.0/../../../../../H-x86_64-mingw32/nios2-elf/lib/mno-hw-mul\libsmallc.a(lib_a-vfprintf.o)
 .debug_abbrev  0x000000000000099d      0x1bc c:/intelfpga_lite/18.1/nios2eds/bin/gnu/h-x86_64-mingw32/bin/../lib/gcc/nios2-elf/5.3.0/../../../../../H-x86_64-mingw32/nios2-elf/lib/mno-hw-mul\libsmallc.a(lib_a-fvwrite_small_dev.o)
 .debug_abbrev  0x0000000000000b59      0x14a c:/intelfpga_lite/18.1/nios2eds/bin/gnu/h-x86_64-mingw32/bin/../lib/gcc/nios2-elf/5.3.0/../../../../../H-x86_64-mingw32/nios2-elf/lib/mno-hw-mul\libsmallc.a(lib_a-impure.o)
 .debug_abbrev  0x0000000000000ca3      0x1a6 c:/intelfpga_lite/18.1/nios2eds/bin/gnu/h-x86_64-mingw32/bin/../lib/gcc/nios2-elf/5.3.0/../../../../../H-x86_64-mingw32/nios2-elf/lib/mno-hw-mul\libsmallc.a(lib_a-writer.o)
 .debug_abbrev  0x0000000000000e49       0x37 c:/intelfpga_lite/18.1/nios2eds/bin/gnu/h-x86_64-mingw32/bin/../lib/gcc/nios2-elf/5.3.0/../../../../../H-x86_64-mingw32/nios2-elf/lib/mno-hw-mul\libsmallc.a(lib_a-int_errno.o)
 .debug_abbrev  0x0000000000000e80      0x10e c:/intelfpga_lite/18.1/nios2eds/bin/gnu/h-x86_64-mingw32/bin/../lib/gcc/nios2-elf/5.3.0/mno-hw-mul\libgcc.a(lib2-divmod.o)
 .debug_abbrev  0x0000000000000f8e       0x6f c:/intelfpga_lite/18.1/nios2eds/bin/gnu/h-x86_64-mingw32/bin/../lib/gcc/nios2-elf/5.3.0/mno-hw-mul\libgcc.a(lib2-mul.o)
 .debug_abbrev  0x0000000000000ffd       0xd8 ../SGTL5000_I2C_bsp/\libhal_bsp.a(alt_load.o)
 .debug_abbrev  0x00000000000010d5       0xee ../SGTL5000_I2C_bsp/\libhal_bsp.a(alt_main.o)
 .debug_abbrev  0x00000000000011c3      0x12e ../SGTL5000_I2C_bsp/\libhal_bsp.a(alt_write.o)
 .debug_abbrev  0x00000000000012f1      0x150 ../SGTL5000_I2C_bsp/\libhal_bsp.a(alt_sys_init.o)
 .debug_abbrev  0x0000000000001441      0x47c ../SGTL5000_I2C_bsp/\libhal_bsp.a(altera_avalon_i2c.o)
 .debug_abbrev  0x00000000000018bd       0xd5 ../SGTL5000_I2C_bsp/\libhal_bsp.a(altera_avalon_jtag_uart_write.o)
 .debug_abbrev  0x0000000000001992       0x8d ../SGTL5000_I2C_bsp/\libhal_bsp.a(alt_busy_sleep.o)
 .debug_abbrev  0x0000000000001a1f       0x42 ../SGTL5000_I2C_bsp/\libhal_bsp.a(alt_dcache_flush_all.o)
 .debug_abbrev  0x0000000000001a61      0x11c ../SGTL5000_I2C_bsp/\libhal_bsp.a(alt_dev_llist_insert.o)
 .debug_abbrev  0x0000000000001b7d       0x5a ../SGTL5000_I2C_bsp/\libhal_bsp.a(alt_errno.o)
 .debug_abbrev  0x0000000000001bd7      0x125 ../SGTL5000_I2C_bsp/\libhal_bsp.a(alt_find_dev.o)
 .debug_abbrev  0x0000000000001cfc       0x42 ../SGTL5000_I2C_bsp/\libhal_bsp.a(alt_icache_flush_all.o)
 .debug_abbrev  0x0000000000001d3e      0x1a0 ../SGTL5000_I2C_bsp/\libhal_bsp.a(alt_iic.o)
 .debug_abbrev  0x0000000000001ede      0x19c ../SGTL5000_I2C_bsp/\libhal_bsp.a(alt_iic_isr_register.o)
 .debug_abbrev  0x000000000000207a       0x12 ../SGTL5000_I2C_bsp/\libhal_bsp.a(alt_irq_entry.o)
 .debug_abbrev  0x000000000000208c      0x120 ../SGTL5000_I2C_bsp/\libhal_bsp.a(alt_irq_handler.o)
 .debug_abbrev  0x00000000000021ac       0x40 ../SGTL5000_I2C_bsp/\libhal_bsp.a(alt_irq_vars.o)
 .debug_abbrev  0x00000000000021ec       0x42 ../SGTL5000_I2C_bsp/\libhal_bsp.a(altera_nios2_gen2_irq.o)
 .debug_abbrev  0x000000000000222e       0x12 ../SGTL5000_I2C_bsp/\libhal_bsp.a(alt_exception_entry.o)
 .debug_abbrev  0x0000000000002240       0xe7 ../SGTL5000_I2C_bsp/\libhal_bsp.a(alt_instruction_exception_entry.o)
 .debug_abbrev  0x0000000000002327       0x7f c:/intelfpga_lite/18.1/nios2eds/bin/gnu/h-x86_64-mingw32/bin/../lib/gcc/nios2-elf/5.3.0/../../../../../H-x86_64-mingw32/nios2-elf/lib/mno-hw-mul\libsmallc.a(lib_a-memcmp.o)

.debug_line     0x0000000000000000     0x2655
 *(.debug_line)
 .debug_line    0x0000000000000000       0x66 ../SGTL5000_I2C_bsp//obj/HAL/src/crt0.o
 .debug_line    0x0000000000000066      0x126 obj/default/sgtl5000/sgtl5000.o
 .debug_line    0x000000000000018c      0x1c2 obj/default/sgtl5000_test.o
 .debug_line    0x000000000000034e      0x203 c:/intelfpga_lite/18.1/nios2eds/bin/gnu/h-x86_64-mingw32/bin/../lib/gcc/nios2-elf/5.3.0/../../../../../H-x86_64-mingw32/nios2-elf/lib/mno-hw-mul\libsmallc.a(lib_a-printf.o)
 .debug_line    0x0000000000000551      0x206 c:/intelfpga_lite/18.1/nios2eds/bin/gnu/h-x86_64-mingw32/bin/../lib/gcc/nios2-elf/5.3.0/../../../../../H-x86_64-mingw32/nios2-elf/lib/mno-hw-mul\libsmallc.a(lib_a-puts.o)
 .debug_line    0x0000000000000757      0x15c c:/intelfpga_lite/18.1/nios2eds/bin/gnu/h-x86_64-mingw32/bin/../lib/gcc/nios2-elf/5.3.0/../../../../../H-x86_64-mingw32/nios2-elf/lib/mno-hw-mul\libsmallc.a(lib_a-strlen.o)
 .debug_line    0x00000000000008b3      0x351 c:/intelfpga_lite/18.1/nios2eds/bin/gnu/h-x86_64-mingw32/bin/../lib/gcc/nios2-elf/5.3.0/../../../../../H-x86_64-mingw32/nios2-elf/lib/mno-hw-mul\libsmallc.a(lib_a-vfprintf.o)
 .debug_line    0x0000000000000c04      0x1f0 c:/intelfpga_lite/18.1/nios2eds/bin/gnu/h-x86_64-mingw32/bin/../lib/gcc/nios2-elf/5.3.0/../../../../../H-x86_64-mingw32/nios2-elf/lib/mno-hw-mul\libsmallc.a(lib_a-fvwrite_small_dev.o)
 .debug_line    0x0000000000000df4      0x156 c:/intelfpga_lite/18.1/nios2eds/bin/gnu/h-x86_64-mingw32/bin/../lib/gcc/nios2-elf/5.3.0/../../../../../H-x86_64-mingw32/nios2-elf/lib/mno-hw-mul\libsmallc.a(lib_a-impure.o)
 .debug_line    0x0000000000000f4a      0x1ed c:/intelfpga_lite/18.1/nios2eds/bin/gnu/h-x86_64-mingw32/bin/../lib/gcc/nios2-elf/5.3.0/../../../../../H-x86_64-mingw32/nios2-elf/lib/mno-hw-mul\libsmallc.a(lib_a-writer.o)
 .debug_line    0x0000000000001137       0x5f c:/intelfpga_lite/18.1/nios2eds/bin/gnu/h-x86_64-mingw32/bin/../lib/gcc/nios2-elf/5.3.0/../../../../../H-x86_64-mingw32/nios2-elf/lib/mno-hw-mul\libsmallc.a(lib_a-int_errno.o)
 .debug_line    0x0000000000001196      0x105 c:/intelfpga_lite/18.1/nios2eds/bin/gnu/h-x86_64-mingw32/bin/../lib/gcc/nios2-elf/5.3.0/mno-hw-mul\libgcc.a(lib2-divmod.o)
 .debug_line    0x000000000000129b       0x80 c:/intelfpga_lite/18.1/nios2eds/bin/gnu/h-x86_64-mingw32/bin/../lib/gcc/nios2-elf/5.3.0/mno-hw-mul\libgcc.a(lib2-mul.o)
 .debug_line    0x000000000000131b       0xa4 ../SGTL5000_I2C_bsp/\libhal_bsp.a(alt_load.o)
 .debug_line    0x00000000000013bf       0xbd ../SGTL5000_I2C_bsp/\libhal_bsp.a(alt_main.o)
 .debug_line    0x000000000000147c      0x16a ../SGTL5000_I2C_bsp/\libhal_bsp.a(alt_write.o)
 .debug_line    0x00000000000015e6      0x11b ../SGTL5000_I2C_bsp/\libhal_bsp.a(alt_sys_init.o)
 .debug_line    0x0000000000001701      0x49a ../SGTL5000_I2C_bsp/\libhal_bsp.a(altera_avalon_i2c.o)
 .debug_line    0x0000000000001b9b       0xf0 ../SGTL5000_I2C_bsp/\libhal_bsp.a(altera_avalon_jtag_uart_write.o)
 .debug_line    0x0000000000001c8b       0xb5 ../SGTL5000_I2C_bsp/\libhal_bsp.a(alt_busy_sleep.o)
 .debug_line    0x0000000000001d40       0x4e ../SGTL5000_I2C_bsp/\libhal_bsp.a(alt_dcache_flush_all.o)
 .debug_line    0x0000000000001d8e       0xd8 ../SGTL5000_I2C_bsp/\libhal_bsp.a(alt_dev_llist_insert.o)
 .debug_line    0x0000000000001e66       0x51 ../SGTL5000_I2C_bsp/\libhal_bsp.a(alt_errno.o)
 .debug_line    0x0000000000001eb7      0x107 ../SGTL5000_I2C_bsp/\libhal_bsp.a(alt_find_dev.o)
 .debug_line    0x0000000000001fbe       0x4e ../SGTL5000_I2C_bsp/\libhal_bsp.a(alt_icache_flush_all.o)
 .debug_line    0x000000000000200c       0xf1 ../SGTL5000_I2C_bsp/\libhal_bsp.a(alt_iic.o)
 .debug_line    0x00000000000020fd       0xd6 ../SGTL5000_I2C_bsp/\libhal_bsp.a(alt_iic_isr_register.o)
 .debug_line    0x00000000000021d3       0x6b ../SGTL5000_I2C_bsp/\libhal_bsp.a(alt_irq_entry.o)
 .debug_line    0x000000000000223e       0xa5 ../SGTL5000_I2C_bsp/\libhal_bsp.a(alt_irq_handler.o)
 .debug_line    0x00000000000022e3       0x50 ../SGTL5000_I2C_bsp/\libhal_bsp.a(alt_irq_vars.o)
 .debug_line    0x0000000000002333       0x50 ../SGTL5000_I2C_bsp/\libhal_bsp.a(altera_nios2_gen2_irq.o)
 .debug_line    0x0000000000002383       0xb3 ../SGTL5000_I2C_bsp/\libhal_bsp.a(alt_exception_entry.o)
 .debug_line    0x0000000000002436       0xbf ../SGTL5000_I2C_bsp/\libhal_bsp.a(alt_instruction_exception_entry.o)
 .debug_line    0x00000000000024f5      0x160 c:/intelfpga_lite/18.1/nios2eds/bin/gnu/h-x86_64-mingw32/bin/../lib/gcc/nios2-elf/5.3.0/../../../../../H-x86_64-mingw32/nios2-elf/lib/mno-hw-mul\libsmallc.a(lib_a-memcmp.o)

.debug_frame    0x0000000000000000      0xa7c
 *(.debug_frame)
 .debug_frame   0x0000000000000000       0x58 obj/default/sgtl5000/sgtl5000.o
 .debug_frame   0x0000000000000058       0x48 obj/default/sgtl5000_test.o
 .debug_frame   0x00000000000000a0       0x48 c:/intelfpga_lite/18.1/nios2eds/bin/gnu/h-x86_64-mingw32/bin/../lib/gcc/nios2-elf/5.3.0/../../../../../H-x86_64-mingw32/nios2-elf/lib/mno-hw-mul\libsmallc.a(lib_a-printf.o)
 .debug_frame   0x00000000000000e8       0x48 c:/intelfpga_lite/18.1/nios2eds/bin/gnu/h-x86_64-mingw32/bin/../lib/gcc/nios2-elf/5.3.0/../../../../../H-x86_64-mingw32/nios2-elf/lib/mno-hw-mul\libsmallc.a(lib_a-puts.o)
 .debug_frame   0x0000000000000130       0x20 c:/intelfpga_lite/18.1/nios2eds/bin/gnu/h-x86_64-mingw32/bin/../lib/gcc/nios2-elf/5.3.0/../../../../../H-x86_64-mingw32/nios2-elf/lib/mno-hw-mul\libsmallc.a(lib_a-strlen.o)
 .debug_frame   0x0000000000000150       0x8c c:/intelfpga_lite/18.1/nios2eds/bin/gnu/h-x86_64-mingw32/bin/../lib/gcc/nios2-elf/5.3.0/../../../../../H-x86_64-mingw32/nios2-elf/lib/mno-hw-mul\libsmallc.a(lib_a-vfprintf.o)
 .debug_frame   0x00000000000001dc       0x58 c:/intelfpga_lite/18.1/nios2eds/bin/gnu/h-x86_64-mingw32/bin/../lib/gcc/nios2-elf/5.3.0/../../../../../H-x86_64-mingw32/nios2-elf/lib/mno-hw-mul\libsmallc.a(lib_a-fvwrite_small_dev.o)
 .debug_frame   0x0000000000000234       0x38 c:/intelfpga_lite/18.1/nios2eds/bin/gnu/h-x86_64-mingw32/bin/../lib/gcc/nios2-elf/5.3.0/../../../../../H-x86_64-mingw32/nios2-elf/lib/mno-hw-mul\libsmallc.a(lib_a-writer.o)
 .debug_frame   0x000000000000026c       0x50 c:/intelfpga_lite/18.1/nios2eds/bin/gnu/h-x86_64-mingw32/bin/../lib/gcc/nios2-elf/5.3.0/mno-hw-mul\libgcc.a(lib2-divmod.o)
 .debug_frame   0x00000000000002bc       0x20 c:/intelfpga_lite/18.1/nios2eds/bin/gnu/h-x86_64-mingw32/bin/../lib/gcc/nios2-elf/5.3.0/mno-hw-mul\libgcc.a(lib2-mul.o)
 .debug_frame   0x00000000000002dc       0x30 ../SGTL5000_I2C_bsp/\libhal_bsp.a(alt_load.o)
 .debug_frame   0x000000000000030c       0x2c ../SGTL5000_I2C_bsp/\libhal_bsp.a(alt_main.o)
 .debug_frame   0x0000000000000338       0x2c ../SGTL5000_I2C_bsp/\libhal_bsp.a(alt_write.o)
 .debug_frame   0x0000000000000364       0x3c ../SGTL5000_I2C_bsp/\libhal_bsp.a(alt_sys_init.o)
 .debug_frame   0x00000000000003a0      0x4c0 ../SGTL5000_I2C_bsp/\libhal_bsp.a(altera_avalon_i2c.o)
 .debug_frame   0x0000000000000860       0x20 ../SGTL5000_I2C_bsp/\libhal_bsp.a(altera_avalon_jtag_uart_write.o)
 .debug_frame   0x0000000000000880       0x30 ../SGTL5000_I2C_bsp/\libhal_bsp.a(alt_busy_sleep.o)
 .debug_frame   0x00000000000008b0       0x20 ../SGTL5000_I2C_bsp/\libhal_bsp.a(alt_dcache_flush_all.o)
 .debug_frame   0x00000000000008d0       0x2c ../SGTL5000_I2C_bsp/\libhal_bsp.a(alt_dev_llist_insert.o)
 .debug_frame   0x00000000000008fc       0x3c ../SGTL5000_I2C_bsp/\libhal_bsp.a(alt_find_dev.o)
 .debug_frame   0x0000000000000938       0x20 ../SGTL5000_I2C_bsp/\libhal_bsp.a(alt_icache_flush_all.o)
 .debug_frame   0x0000000000000958       0x50 ../SGTL5000_I2C_bsp/\libhal_bsp.a(alt_iic.o)
 .debug_frame   0x00000000000009a8       0x30 ../SGTL5000_I2C_bsp/\libhal_bsp.a(alt_iic_isr_register.o)
 .debug_frame   0x00000000000009d8       0x34 ../SGTL5000_I2C_bsp/\libhal_bsp.a(alt_irq_handler.o)
 .debug_frame   0x0000000000000a0c       0x20 ../SGTL5000_I2C_bsp/\libhal_bsp.a(altera_nios2_gen2_irq.o)
 .debug_frame   0x0000000000000a2c       0x30 ../SGTL5000_I2C_bsp/\libhal_bsp.a(alt_instruction_exception_entry.o)
 .debug_frame   0x0000000000000a5c       0x20 c:/intelfpga_lite/18.1/nios2eds/bin/gnu/h-x86_64-mingw32/bin/../lib/gcc/nios2-elf/5.3.0/../../../../../H-x86_64-mingw32/nios2-elf/lib/mno-hw-mul\libsmallc.a(lib_a-memcmp.o)

.debug_str      0x0000000000000000     0x21f4
 *(.debug_str)
 .debug_str     0x0000000000000000      0x311 obj/default/sgtl5000/sgtl5000.o
                                        0x377 (size before relaxing)
 .debug_str     0x0000000000000311       0x90 obj/default/sgtl5000_test.o
                                        0x38f (size before relaxing)
 .debug_str     0x00000000000003a1      0x422 c:/intelfpga_lite/18.1/nios2eds/bin/gnu/h-x86_64-mingw32/bin/../lib/gcc/nios2-elf/5.3.0/../../../../../H-x86_64-mingw32/nios2-elf/lib/mno-hw-mul\libsmallc.a(lib_a-printf.o)
                                        0x504 (size before relaxing)
 .debug_str     0x00000000000007c3       0x5e c:/intelfpga_lite/18.1/nios2eds/bin/gnu/h-x86_64-mingw32/bin/../lib/gcc/nios2-elf/5.3.0/../../../../../H-x86_64-mingw32/nios2-elf/lib/mno-hw-mul\libsmallc.a(lib_a-puts.o)
                                        0x4cd (size before relaxing)
 .debug_str     0x0000000000000821       0xd2 c:/intelfpga_lite/18.1/nios2eds/bin/gnu/h-x86_64-mingw32/bin/../lib/gcc/nios2-elf/5.3.0/../../../../../H-x86_64-mingw32/nios2-elf/lib/mno-hw-mul\libsmallc.a(lib_a-strlen.o)
                                        0x1e5 (size before relaxing)
 .debug_str     0x00000000000008f3      0x1f8 c:/intelfpga_lite/18.1/nios2eds/bin/gnu/h-x86_64-mingw32/bin/../lib/gcc/nios2-elf/5.3.0/../../../../../H-x86_64-mingw32/nios2-elf/lib/mno-hw-mul\libsmallc.a(lib_a-vfprintf.o)
                                        0x67f (size before relaxing)
 .debug_str     0x0000000000000aeb       0x63 c:/intelfpga_lite/18.1/nios2eds/bin/gnu/h-x86_64-mingw32/bin/../lib/gcc/nios2-elf/5.3.0/../../../../../H-x86_64-mingw32/nios2-elf/lib/mno-hw-mul\libsmallc.a(lib_a-fvwrite_small_dev.o)
                                        0x4d4 (size before relaxing)
 .debug_str     0x0000000000000b4e       0xef c:/intelfpga_lite/18.1/nios2eds/bin/gnu/h-x86_64-mingw32/bin/../lib/gcc/nios2-elf/5.3.0/../../../../../H-x86_64-mingw32/nios2-elf/lib/mno-hw-mul\libsmallc.a(lib_a-impure.o)
                                        0x4be (size before relaxing)
 .debug_str     0x0000000000000c3d       0x45 c:/intelfpga_lite/18.1/nios2eds/bin/gnu/h-x86_64-mingw32/bin/../lib/gcc/nios2-elf/5.3.0/../../../../../H-x86_64-mingw32/nios2-elf/lib/mno-hw-mul\libsmallc.a(lib_a-writer.o)
                                        0x4b8 (size before relaxing)
 .debug_str     0x0000000000000c82       0x3f c:/intelfpga_lite/18.1/nios2eds/bin/gnu/h-x86_64-mingw32/bin/../lib/gcc/nios2-elf/5.3.0/../../../../../H-x86_64-mingw32/nios2-elf/lib/mno-hw-mul\libsmallc.a(lib_a-int_errno.o)
                                        0x1d8 (size before relaxing)
 .debug_str     0x0000000000000cc1      0x187 c:/intelfpga_lite/18.1/nios2eds/bin/gnu/h-x86_64-mingw32/bin/../lib/gcc/nios2-elf/5.3.0/mno-hw-mul\libgcc.a(lib2-divmod.o)
                                        0x1d2 (size before relaxing)
 .debug_str     0x0000000000000e48       0x40 c:/intelfpga_lite/18.1/nios2eds/bin/gnu/h-x86_64-mingw32/bin/../lib/gcc/nios2-elf/5.3.0/mno-hw-mul\libgcc.a(lib2-mul.o)
                                        0x193 (size before relaxing)
 .debug_str     0x0000000000000e88      0x169 ../SGTL5000_I2C_bsp/\libhal_bsp.a(alt_load.o)
                                        0x258 (size before relaxing)
 .debug_str     0x0000000000000ff1       0x5e ../SGTL5000_I2C_bsp/\libhal_bsp.a(alt_main.o)
                                        0x1d1 (size before relaxing)
 .debug_str     0x000000000000104f       0x76 ../SGTL5000_I2C_bsp/\libhal_bsp.a(alt_write.o)
                                        0x1fc (size before relaxing)
 .debug_str     0x00000000000010c5       0x9b ../SGTL5000_I2C_bsp/\libhal_bsp.a(alt_sys_init.o)
                                        0x3ae (size before relaxing)
 .debug_str     0x0000000000001160      0x918 ../SGTL5000_I2C_bsp/\libhal_bsp.a(altera_avalon_i2c.o)
                                        0xcf1 (size before relaxing)
 .debug_str     0x0000000000001a78       0x2c ../SGTL5000_I2C_bsp/\libhal_bsp.a(altera_avalon_jtag_uart_write.o)
                                        0x231 (size before relaxing)
 .debug_str     0x0000000000001aa4       0x33 ../SGTL5000_I2C_bsp/\libhal_bsp.a(alt_busy_sleep.o)
                                        0x187 (size before relaxing)
 .debug_str     0x0000000000001ad7       0x1f ../SGTL5000_I2C_bsp/\libhal_bsp.a(alt_dcache_flush_all.o)
                                        0x171 (size before relaxing)
 .debug_str     0x0000000000001af6       0x30 ../SGTL5000_I2C_bsp/\libhal_bsp.a(alt_dev_llist_insert.o)
                                        0x1e8 (size before relaxing)
 .debug_str     0x0000000000001b26       0x14 ../SGTL5000_I2C_bsp/\libhal_bsp.a(alt_errno.o)
                                        0x161 (size before relaxing)
 .debug_str     0x0000000000001b3a       0x6d ../SGTL5000_I2C_bsp/\libhal_bsp.a(alt_find_dev.o)
                                        0x216 (size before relaxing)
 .debug_str     0x0000000000001ba7       0x1f ../SGTL5000_I2C_bsp/\libhal_bsp.a(alt_icache_flush_all.o)
                                        0x171 (size before relaxing)
 .debug_str     0x0000000000001bc6       0xbe ../SGTL5000_I2C_bsp/\libhal_bsp.a(alt_iic.o)
                                        0x26f (size before relaxing)
 .debug_str     0x0000000000001c84       0x37 ../SGTL5000_I2C_bsp/\libhal_bsp.a(alt_iic_isr_register.o)
                                        0x229 (size before relaxing)
 .debug_str     0x0000000000001cbb       0x3a ../SGTL5000_I2C_bsp/\libhal_bsp.a(alt_irq_handler.o)
                                        0x1b3 (size before relaxing)
 .debug_str     0x0000000000001cf5       0x17 ../SGTL5000_I2C_bsp/\libhal_bsp.a(alt_irq_vars.o)
                                        0x156 (size before relaxing)
 .debug_str     0x0000000000001d0c       0x20 ../SGTL5000_I2C_bsp/\libhal_bsp.a(altera_nios2_gen2_irq.o)
                                        0x178 (size before relaxing)
 .debug_str     0x0000000000001d2c      0x48b ../SGTL5000_I2C_bsp/\libhal_bsp.a(alt_instruction_exception_entry.o)
                                        0x5bc (size before relaxing)
 .debug_str     0x00000000000021b7       0x3d c:/intelfpga_lite/18.1/nios2eds/bin/gnu/h-x86_64-mingw32/bin/../lib/gcc/nios2-elf/5.3.0/../../../../../H-x86_64-mingw32/nios2-elf/lib/mno-hw-mul\libsmallc.a(lib_a-memcmp.o)
                                        0x1df (size before relaxing)

.debug_loc      0x0000000000000000     0x2fbd
 *(.debug_loc)
 .debug_loc     0x0000000000000000      0x13d obj/default/sgtl5000/sgtl5000.o
 .debug_loc     0x000000000000013d       0xd4 obj/default/sgtl5000_test.o
 .debug_loc     0x0000000000000211       0xc6 c:/intelfpga_lite/18.1/nios2eds/bin/gnu/h-x86_64-mingw32/bin/../lib/gcc/nios2-elf/5.3.0/../../../../../H-x86_64-mingw32/nios2-elf/lib/mno-hw-mul\libsmallc.a(lib_a-printf.o)
 .debug_loc     0x00000000000002d7       0x97 c:/intelfpga_lite/18.1/nios2eds/bin/gnu/h-x86_64-mingw32/bin/../lib/gcc/nios2-elf/5.3.0/../../../../../H-x86_64-mingw32/nios2-elf/lib/mno-hw-mul\libsmallc.a(lib_a-puts.o)
 .debug_loc     0x000000000000036e       0x1e c:/intelfpga_lite/18.1/nios2eds/bin/gnu/h-x86_64-mingw32/bin/../lib/gcc/nios2-elf/5.3.0/../../../../../H-x86_64-mingw32/nios2-elf/lib/mno-hw-mul\libsmallc.a(lib_a-strlen.o)
 .debug_loc     0x000000000000038c      0x954 c:/intelfpga_lite/18.1/nios2eds/bin/gnu/h-x86_64-mingw32/bin/../lib/gcc/nios2-elf/5.3.0/../../../../../H-x86_64-mingw32/nios2-elf/lib/mno-hw-mul\libsmallc.a(lib_a-vfprintf.o)
 .debug_loc     0x0000000000000ce0      0x110 c:/intelfpga_lite/18.1/nios2eds/bin/gnu/h-x86_64-mingw32/bin/../lib/gcc/nios2-elf/5.3.0/../../../../../H-x86_64-mingw32/nios2-elf/lib/mno-hw-mul\libsmallc.a(lib_a-fvwrite_small_dev.o)
 .debug_loc     0x0000000000000df0       0xa5 c:/intelfpga_lite/18.1/nios2eds/bin/gnu/h-x86_64-mingw32/bin/../lib/gcc/nios2-elf/5.3.0/../../../../../H-x86_64-mingw32/nios2-elf/lib/mno-hw-mul\libsmallc.a(lib_a-writer.o)
 .debug_loc     0x0000000000000e95      0x4ce c:/intelfpga_lite/18.1/nios2eds/bin/gnu/h-x86_64-mingw32/bin/../lib/gcc/nios2-elf/5.3.0/mno-hw-mul\libgcc.a(lib2-divmod.o)
 .debug_loc     0x0000000000001363       0x93 c:/intelfpga_lite/18.1/nios2eds/bin/gnu/h-x86_64-mingw32/bin/../lib/gcc/nios2-elf/5.3.0/mno-hw-mul\libgcc.a(lib2-mul.o)
 .debug_loc     0x00000000000013f6       0xcf ../SGTL5000_I2C_bsp/\libhal_bsp.a(alt_write.o)
 .debug_loc     0x00000000000014c5       0x21 ../SGTL5000_I2C_bsp/\libhal_bsp.a(alt_sys_init.o)
 .debug_loc     0x00000000000014e6     0x147b ../SGTL5000_I2C_bsp/\libhal_bsp.a(altera_avalon_i2c.o)
 .debug_loc     0x0000000000002961       0x8b ../SGTL5000_I2C_bsp/\libhal_bsp.a(altera_avalon_jtag_uart_write.o)
 .debug_loc     0x00000000000029ec       0x67 ../SGTL5000_I2C_bsp/\libhal_bsp.a(alt_busy_sleep.o)
 .debug_loc     0x0000000000002a53       0x7e ../SGTL5000_I2C_bsp/\libhal_bsp.a(alt_dev_llist_insert.o)
 .debug_loc     0x0000000000002ad1       0x7e ../SGTL5000_I2C_bsp/\libhal_bsp.a(alt_find_dev.o)
 .debug_loc     0x0000000000002b4f      0x170 ../SGTL5000_I2C_bsp/\libhal_bsp.a(alt_iic.o)
 .debug_loc     0x0000000000002cbf      0x193 ../SGTL5000_I2C_bsp/\libhal_bsp.a(alt_iic_isr_register.o)
 .debug_loc     0x0000000000002e52       0x72 ../SGTL5000_I2C_bsp/\libhal_bsp.a(alt_irq_handler.o)
 .debug_loc     0x0000000000002ec4       0x65 ../SGTL5000_I2C_bsp/\libhal_bsp.a(alt_instruction_exception_entry.o)
 .debug_loc     0x0000000000002f29       0x94 c:/intelfpga_lite/18.1/nios2eds/bin/gnu/h-x86_64-mingw32/bin/../lib/gcc/nios2-elf/5.3.0/../../../../../H-x86_64-mingw32/nios2-elf/lib/mno-hw-mul\libsmallc.a(lib_a-memcmp.o)

.debug_macinfo
 *(.debug_macinfo)

.debug_weaknames
 *(.debug_weaknames)

.debug_funcnames
 *(.debug_funcnames)

.debug_typenames
 *(.debug_typenames)

.debug_varnames
 *(.debug_varnames)

.debug_alt_sim_info
                0x0000000000000000       0x40
 *(.debug_alt_sim_info)
 .debug_alt_sim_info
                0x0000000000000000       0x10 ../SGTL5000_I2C_bsp//obj/HAL/src/crt0.o
 .debug_alt_sim_info
                0x0000000000000010       0x30 ../SGTL5000_I2C_bsp/\libhal_bsp.a(alt_busy_sleep.o)
                0x0000000000007000                __alt_data_end = 0x7000
                0x0000000000007000                PROVIDE (__alt_stack_pointer, __alt_data_end)
                [!provide]                        PROVIDE (__alt_stack_limit, __alt_stack_base)
                [!provide]                        PROVIDE (__alt_heap_start, end)
                [!provide]                        PROVIDE (__alt_heap_limit, 0x7000)
OUTPUT(SGTL5000_I2C.elf elf32-littlenios2)

.debug_ranges   0x0000000000000000      0x340
 .debug_ranges  0x0000000000000000       0x20 ../SGTL5000_I2C_bsp//obj/HAL/src/crt0.o
 .debug_ranges  0x0000000000000020       0x10 obj/default/sgtl5000_test.o
 .debug_ranges  0x0000000000000030       0x18 c:/intelfpga_lite/18.1/nios2eds/bin/gnu/h-x86_64-mingw32/bin/../lib/gcc/nios2-elf/5.3.0/../../../../../H-x86_64-mingw32/nios2-elf/lib/mno-hw-mul\libsmallc.a(lib_a-printf.o)
 .debug_ranges  0x0000000000000048       0x18 c:/intelfpga_lite/18.1/nios2eds/bin/gnu/h-x86_64-mingw32/bin/../lib/gcc/nios2-elf/5.3.0/../../../../../H-x86_64-mingw32/nios2-elf/lib/mno-hw-mul\libsmallc.a(lib_a-puts.o)
 .debug_ranges  0x0000000000000060       0x10 c:/intelfpga_lite/18.1/nios2eds/bin/gnu/h-x86_64-mingw32/bin/../lib/gcc/nios2-elf/5.3.0/../../../../../H-x86_64-mingw32/nios2-elf/lib/mno-hw-mul\libsmallc.a(lib_a-strlen.o)
 .debug_ranges  0x0000000000000070       0xc8 c:/intelfpga_lite/18.1/nios2eds/bin/gnu/h-x86_64-mingw32/bin/../lib/gcc/nios2-elf/5.3.0/../../../../../H-x86_64-mingw32/nios2-elf/lib/mno-hw-mul\libsmallc.a(lib_a-vfprintf.o)
 .debug_ranges  0x0000000000000138       0x28 c:/intelfpga_lite/18.1/nios2eds/bin/gnu/h-x86_64-mingw32/bin/../lib/gcc/nios2-elf/5.3.0/../../../../../H-x86_64-mingw32/nios2-elf/lib/mno-hw-mul\libsmallc.a(lib_a-fvwrite_small_dev.o)
 .debug_ranges  0x0000000000000160       0x10 c:/intelfpga_lite/18.1/nios2eds/bin/gnu/h-x86_64-mingw32/bin/../lib/gcc/nios2-elf/5.3.0/../../../../../H-x86_64-mingw32/nios2-elf/lib/mno-hw-mul\libsmallc.a(lib_a-writer.o)
 .debug_ranges  0x0000000000000170       0x60 c:/intelfpga_lite/18.1/nios2eds/bin/gnu/h-x86_64-mingw32/bin/../lib/gcc/nios2-elf/5.3.0/mno-hw-mul\libgcc.a(lib2-divmod.o)
 .debug_ranges  0x00000000000001d0       0x48 ../SGTL5000_I2C_bsp/\libhal_bsp.a(alt_load.o)
 .debug_ranges  0x0000000000000218       0x20 ../SGTL5000_I2C_bsp/\libhal_bsp.a(alt_write.o)
 .debug_ranges  0x0000000000000238       0x58 ../SGTL5000_I2C_bsp/\libhal_bsp.a(altera_avalon_i2c.o)
 .debug_ranges  0x0000000000000290       0x20 ../SGTL5000_I2C_bsp/\libhal_bsp.a(alt_dev_llist_insert.o)
 .debug_ranges  0x00000000000002b0       0x28 ../SGTL5000_I2C_bsp/\libhal_bsp.a(alt_irq_entry.o)
 .debug_ranges  0x00000000000002d8       0x10 ../SGTL5000_I2C_bsp/\libhal_bsp.a(alt_irq_handler.o)
 .debug_ranges  0x00000000000002e8       0x30 ../SGTL5000_I2C_bsp/\libhal_bsp.a(alt_exception_entry.o)
 .debug_ranges  0x0000000000000318       0x18 ../SGTL5000_I2C_bsp/\libhal_bsp.a(alt_instruction_exception_entry.o)
 .debug_ranges  0x0000000000000330       0x10 c:/intelfpga_lite/18.1/nios2eds/bin/gnu/h-x86_64-mingw32/bin/../lib/gcc/nios2-elf/5.3.0/../../../../../H-x86_64-mingw32/nios2-elf/lib/mno-hw-mul\libsmallc.a(lib_a-memcmp.o)
